[0.022s] Invoking command in '/home/ntu-user/ros2_ws/build/simple_robot_description': CMAKE_PREFIX_PATH=${CMAKE_PREFIX_PATH}:/opt/ros/humble /usr/bin/cmake /home/ntu-user/ros2_ws/src/simple_robot_description -DAMENT_CMAKE_SYMLINK_INSTALL=1 -DCMAKE_INSTALL_PREFIX=/home/ntu-user/ros2_ws/install/simple_robot_description
[0.045s] -- The C compiler identification is GNU 11.4.0
[0.067s] -- The CXX compiler identification is GNU 11.4.0
[0.070s] -- Detecting C compiler ABI info
[0.096s] -- Detecting C compiler ABI info - done
[0.099s] -- Check for working C compiler: /usr/bin/cc - skipped
[0.099s] -- Detecting C compile features
[0.099s] -- Detecting C compile features - done
[0.100s] -- Detecting CXX compiler ABI info
[0.129s] -- Detecting CXX compiler ABI info - done
[0.132s] -- Check for working CXX compiler: /usr/bin/c++ - skipped
[0.133s] -- Detecting CXX compile features
[0.133s] -- Detecting CXX compile features - done
[0.134s] -- Found ament_cmake: 1.3.5 (/opt/ros/humble/share/ament_cmake/cmake)
[0.203s] -- Found Python3: /usr/bin/python3.10 (found version "3.10.12") found components: Interpreter 
[0.226s] -- Override CMake install command with custom implementation using symlinks instead of copying resources
[0.239s] -- Found ament_lint_auto: 0.12.8 (/opt/ros/humble/share/ament_lint_auto/cmake)
[0.277s] -- Added test 'cppcheck' to perform static code analysis on C / C++ code
[0.277s] -- Configured cppcheck include dirs: 
[0.277s] -- Configured cppcheck exclude dirs and/or files: 
[0.278s] -- Added test 'flake8' to check Python code syntax and style conventions
[0.279s] -- Added test 'lint_cmake' to check CMake code style
[0.280s] -- Added test 'pep257' to check Python code against some of the docstring style conventions in PEP 257
[0.284s] -- Added test 'uncrustify' to check C / C++ code style
[0.284s] -- Configured uncrustify additional arguments: 
[0.285s] -- Added test 'xmllint' to check XML markup files
[0.286s] -- Configuring done
[0.287s] -- Generating done
[0.287s] -- Build files have been written to: /home/ntu-user/ros2_ws/build/simple_robot_description
[0.290s] Invoked command in '/home/ntu-user/ros2_ws/build/simple_robot_description' returned '0': CMAKE_PREFIX_PATH=${CMAKE_PREFIX_PATH}:/opt/ros/humble /usr/bin/cmake /home/ntu-user/ros2_ws/src/simple_robot_description -DAMENT_CMAKE_SYMLINK_INSTALL=1 -DCMAKE_INSTALL_PREFIX=/home/ntu-user/ros2_ws/install/simple_robot_description
[0.290s] Invoking command in '/home/ntu-user/ros2_ws/build/simple_robot_description': CMAKE_PREFIX_PATH=${CMAKE_PREFIX_PATH}:/opt/ros/humble /usr/bin/cmake --build /home/ntu-user/ros2_ws/build/simple_robot_description -- -j10 -l10
[0.303s] Invoked command in '/home/ntu-user/ros2_ws/build/simple_robot_description' returned '0': CMAKE_PREFIX_PATH=${CMAKE_PREFIX_PATH}:/opt/ros/humble /usr/bin/cmake --build /home/ntu-user/ros2_ws/build/simple_robot_description -- -j10 -l10
[0.313s] Invoking command in '/home/ntu-user/ros2_ws/build/simple_robot_description': CMAKE_PREFIX_PATH=${CMAKE_PREFIX_PATH}:/opt/ros/humble /usr/bin/cmake --install /home/ntu-user/ros2_ws/build/simple_robot_description
[0.315s] -- Install configuration: ""
[0.316s] -- Execute custom install script
[0.316s] -- Symlinking: /home/ntu-user/ros2_ws/install/simple_robot_description/share/simple_robot_description/urdf/simple_robot.urdf
[0.318s] -- Symlinking: /home/ntu-user/ros2_ws/install/simple_robot_description/share/simple_robot_description/urdf/simple_robot_gazebo.urdf
[0.321s] -- Symlinking: /home/ntu-user/ros2_ws/install/simple_robot_description/share/simple_robot_description/include/robot_state_publisher.launch.py
[0.323s] -- Symlinking: /home/ntu-user/ros2_ws/install/simple_robot_description/share/simple_robot_description/include/rviz.launch.py
[0.326s] -- Symlinking: /home/ntu-user/ros2_ws/install/simple_robot_description/share/simple_robot_description/include/teleop.launch.py
[0.328s] [33mCMake Warning (dev) at ament_cmake_symlink_install/ament_cmake_symlink_install.cmake:62 (file):
[0.328s]   Policy CMP0009 is not set: FILE GLOB_RECURSE calls should not follow
[0.328s]   symlinks by default.  Run "cmake --help-policy CMP0009" for policy details.
[0.329s]   Use the cmake_policy command to set the policy and suppress this warning.
[0.329s] Call Stack (most recent call first):
[0.329s]   ament_cmake_symlink_install/ament_cmake_symlink_install.cmake:314 (ament_cmake_symlink_install_directory)
[0.329s]   cmake_install.cmake:46 (include)
[0.329s] This warning is for project developers.  Use -Wno-dev to suppress it.
[0.329s] [0m
[0.329s] -- Symlinking: /home/ntu-user/ros2_ws/install/simple_robot_description/share/simple_robot_description/launch/build/.built_by
[0.331s] -- Symlinking: /home/ntu-user/ros2_ws/install/simple_robot_description/share/simple_robot_description/launch/build/COLCON_IGNORE
[0.333s] -- Symlinking: /home/ntu-user/ros2_ws/install/simple_robot_description/share/simple_robot_description/launch/display.launch.py
[0.336s] -- Symlinking: /home/ntu-user/ros2_ws/install/simple_robot_description/share/simple_robot_description/launch/gazebo.launch.py
[0.339s] -- Symlinking: /home/ntu-user/ros2_ws/install/simple_robot_description/share/simple_robot_description/launch/include/robot_state_publisher.launch.py
[0.341s] -- Symlinking: /home/ntu-user/ros2_ws/install/simple_robot_description/share/simple_robot_description/launch/include/rviz.launch.py
[0.344s] -- Symlinking: /home/ntu-user/ros2_ws/install/simple_robot_description/share/simple_robot_description/launch/include/teleop.launch.py
[0.347s] -- Symlinking: /home/ntu-user/ros2_ws/install/simple_robot_description/share/simple_robot_description/launch/install/.colcon_install_layout
[0.350s] -- Symlinking: /home/ntu-user/ros2_ws/install/simple_robot_description/share/simple_robot_description/launch/install/COLCON_IGNORE
[0.353s] -- Symlinking: /home/ntu-user/ros2_ws/install/simple_robot_description/share/simple_robot_description/launch/install/_local_setup_util_ps1.py
[0.355s] -- Symlinking: /home/ntu-user/ros2_ws/install/simple_robot_description/share/simple_robot_description/launch/install/_local_setup_util_sh.py
[0.357s] -- Symlinking: /home/ntu-user/ros2_ws/install/simple_robot_description/share/simple_robot_description/launch/install/local_setup.bash
[0.360s] -- Symlinking: /home/ntu-user/ros2_ws/install/simple_robot_description/share/simple_robot_description/launch/install/local_setup.ps1
[0.364s] -- Symlinking: /home/ntu-user/ros2_ws/install/simple_robot_description/share/simple_robot_description/launch/install/local_setup.sh
[0.371s] -- Symlinking: /home/ntu-user/ros2_ws/install/simple_robot_description/share/simple_robot_description/launch/install/local_setup.zsh
[0.371s] -- Symlinking: /home/ntu-user/ros2_ws/install/simple_robot_description/share/simple_robot_description/launch/install/setup.bash
[0.372s] -- Symlinking: /home/ntu-user/ros2_ws/install/simple_robot_description/share/simple_robot_description/launch/install/setup.ps1
[0.374s] -- Symlinking: /home/ntu-user/ros2_ws/install/simple_robot_description/share/simple_robot_description/launch/install/setup.sh
[0.377s] -- Symlinking: /home/ntu-user/ros2_ws/install/simple_robot_description/share/simple_robot_description/launch/install/setup.zsh
[0.379s] -- Symlinking: /home/ntu-user/ros2_ws/install/simple_robot_description/share/simple_robot_description/launch/log/COLCON_IGNORE
[0.382s] -- Symlinking: /home/ntu-user/ros2_ws/install/simple_robot_description/share/simple_robot_description/launch/log/build_2025-11-17_15-48-21/events.log
[0.384s] -- Symlinking: /home/ntu-user/ros2_ws/install/simple_robot_description/share/simple_robot_description/launch/log/build_2025-11-17_15-48-21/logger_all.log
[0.387s] -- Symlinking: /home/ntu-user/ros2_ws/install/simple_robot_description/share/simple_robot_description/launch/log/latest/events.log
[0.389s] -- Symlinking: /home/ntu-user/ros2_ws/install/simple_robot_description/share/simple_robot_description/launch/log/latest/logger_all.log
[0.392s] -- Symlinking: /home/ntu-user/ros2_ws/install/simple_robot_description/share/simple_robot_description/launch/log/latest_build/events.log
[0.395s] -- Symlinking: /home/ntu-user/ros2_ws/install/simple_robot_description/share/simple_robot_description/launch/log/latest_build/logger_all.log
[0.397s] -- Symlinking: /home/ntu-user/ros2_ws/install/simple_robot_description/share/simple_robot_description/launch/robot_complete.launch.py
[0.400s] -- Symlinking: /home/ntu-user/ros2_ws/install/simple_robot_description/share/simple_robot_description/rviz/urdf_config.rviz
[0.403s] -- Symlinking: /home/ntu-user/ros2_ws/install/simple_robot_description/share/simple_robot_description/config/gz_bridge.yaml
[0.405s] -- Symlinking: /home/ntu-user/ros2_ws/install/simple_robot_description/share/simple_robot_description/worlds/diff_drive/diff_drive.sdf
[0.408s] -- Symlinking: /home/ntu-user/ros2_ws/install/simple_robot_description/share/ament_index/resource_index/package_run_dependencies/simple_robot_description
[0.411s] -- Symlinking: /home/ntu-user/ros2_ws/install/simple_robot_description/share/ament_index/resource_index/parent_prefix_path/simple_robot_description
[0.413s] -- Symlinking: /home/ntu-user/ros2_ws/install/simple_robot_description/share/simple_robot_description/environment/ament_prefix_path.sh
[0.416s] -- Symlinking: /home/ntu-user/ros2_ws/install/simple_robot_description/share/simple_robot_description/environment/ament_prefix_path.dsv
[0.419s] -- Symlinking: /home/ntu-user/ros2_ws/install/simple_robot_description/share/simple_robot_description/environment/path.sh
[0.421s] -- Symlinking: /home/ntu-user/ros2_ws/install/simple_robot_description/share/simple_robot_description/environment/path.dsv
[0.423s] -- Symlinking: /home/ntu-user/ros2_ws/install/simple_robot_description/share/simple_robot_description/local_setup.bash
[0.426s] -- Symlinking: /home/ntu-user/ros2_ws/install/simple_robot_description/share/simple_robot_description/local_setup.sh
[0.428s] -- Symlinking: /home/ntu-user/ros2_ws/install/simple_robot_description/share/simple_robot_description/local_setup.zsh
[0.431s] -- Symlinking: /home/ntu-user/ros2_ws/install/simple_robot_description/share/simple_robot_description/local_setup.dsv
[0.433s] -- Symlinking: /home/ntu-user/ros2_ws/install/simple_robot_description/share/simple_robot_description/package.dsv
[0.436s] -- Symlinking: /home/ntu-user/ros2_ws/install/simple_robot_description/share/ament_index/resource_index/packages/simple_robot_description
[0.438s] -- Symlinking: /home/ntu-user/ros2_ws/install/simple_robot_description/share/simple_robot_description/cmake/simple_robot_descriptionConfig.cmake
[0.441s] -- Symlinking: /home/ntu-user/ros2_ws/install/simple_robot_description/share/simple_robot_description/cmake/simple_robot_descriptionConfig-version.cmake
[0.443s] -- Symlinking: /home/ntu-user/ros2_ws/install/simple_robot_description/share/simple_robot_description/package.xml
[0.446s] Invoked command in '/home/ntu-user/ros2_ws/build/simple_robot_description' returned '0': CMAKE_PREFIX_PATH=${CMAKE_PREFIX_PATH}:/opt/ros/humble /usr/bin/cmake --install /home/ntu-user/ros2_ws/build/simple_robot_description
