[0.040s] Invoking command in '/home/ntu-user/ros2_ws/build/my_robot': CMAKE_PREFIX_PATH=${CMAKE_PREFIX_PATH}:/opt/ros/humble /usr/bin/cmake /home/ntu-user/ros2_ws/src/my_robot -DAMENT_CMAKE_SYMLINK_INSTALL=1 -DCMAKE_INSTALL_PREFIX=/home/ntu-user/ros2_ws/install/my_robot
[0.065s] -- The C compiler identification is GNU 11.4.0
[0.088s] -- The CXX compiler identification is GNU 11.4.0
[0.091s] -- Detecting C compiler ABI info
[0.115s] -- Detecting C compiler ABI info - done
[0.118s] -- Check for working C compiler: /usr/bin/cc - skipped
[0.119s] -- Detecting C compile features
[0.119s] -- Detecting C compile features - done
[0.120s] -- Detecting CXX compiler ABI info
[0.149s] -- Detecting CXX compiler ABI info - done
[0.152s] -- Check for working CXX compiler: /usr/bin/c++ - skipped
[0.153s] -- Detecting CXX compile features
[0.153s] -- Detecting CXX compile features - done
[0.154s] -- Found ament_cmake: 1.3.5 (/opt/ros/humble/share/ament_cmake/cmake)
[0.223s] -- Found Python3: /usr/bin/python3.10 (found version "3.10.12") found components: Interpreter 
[0.246s] -- Override CMake install command with custom implementation using symlinks instead of copying resources
[0.258s] -- Found ament_lint_auto: 0.12.8 (/opt/ros/humble/share/ament_lint_auto/cmake)
[0.296s] -- Added test 'cppcheck' to perform static code analysis on C / C++ code
[0.296s] -- Configured cppcheck include dirs: 
[0.296s] -- Configured cppcheck exclude dirs and/or files: 
[0.297s] -- Added test 'flake8' to check Python code syntax and style conventions
[0.298s] -- Added test 'lint_cmake' to check CMake code style
[0.299s] -- Added test 'pep257' to check Python code against some of the docstring style conventions in PEP 257
[0.303s] -- Added test 'uncrustify' to check C / C++ code style
[0.303s] -- Configured uncrustify additional arguments: 
[0.304s] -- Added test 'xmllint' to check XML markup files
[0.304s] -- Configuring done
[0.305s] -- Generating done
[0.306s] -- Build files have been written to: /home/ntu-user/ros2_ws/build/my_robot
[0.308s] Invoked command in '/home/ntu-user/ros2_ws/build/my_robot' returned '0': CMAKE_PREFIX_PATH=${CMAKE_PREFIX_PATH}:/opt/ros/humble /usr/bin/cmake /home/ntu-user/ros2_ws/src/my_robot -DAMENT_CMAKE_SYMLINK_INSTALL=1 -DCMAKE_INSTALL_PREFIX=/home/ntu-user/ros2_ws/install/my_robot
[0.309s] Invoking command in '/home/ntu-user/ros2_ws/build/my_robot': CMAKE_PREFIX_PATH=${CMAKE_PREFIX_PATH}:/opt/ros/humble /usr/bin/cmake --build /home/ntu-user/ros2_ws/build/my_robot -- -j10 -l10
[0.322s] Invoked command in '/home/ntu-user/ros2_ws/build/my_robot' returned '0': CMAKE_PREFIX_PATH=${CMAKE_PREFIX_PATH}:/opt/ros/humble /usr/bin/cmake --build /home/ntu-user/ros2_ws/build/my_robot -- -j10 -l10
[0.332s] Invoking command in '/home/ntu-user/ros2_ws/build/my_robot': CMAKE_PREFIX_PATH=${CMAKE_PREFIX_PATH}:/opt/ros/humble /usr/bin/cmake --install /home/ntu-user/ros2_ws/build/my_robot
[0.334s] -- Install configuration: ""
[0.335s] -- Execute custom install script
[0.335s] -- Symlinking: /home/ntu-user/ros2_ws/install/my_robot/share/my_robot/urdf/my_robot.urdf
[0.338s] -- Symlinking: /home/ntu-user/ros2_ws/install/my_robot/share/my_robot/urdf/my_robot_gazebo.urdf
[0.340s] -- Symlinking: /home/ntu-user/ros2_ws/install/my_robot/share/my_robot/launch/display.launch.py
[0.343s] -- Symlinking: /home/ntu-user/ros2_ws/install/my_robot/share/my_robot/launch/gazebo.launch.py
[0.345s] -- Symlinking: /home/ntu-user/ros2_ws/install/my_robot/share/my_robot/worlds/my_world/my_world.sdf
[0.348s] -- Symlinking: /home/ntu-user/ros2_ws/install/my_robot/share/my_robot/config/gz_bridge.yaml
[0.350s] -- Symlinking: /home/ntu-user/ros2_ws/install/my_robot/share/ament_index/resource_index/package_run_dependencies/my_robot
[0.353s] -- Symlinking: /home/ntu-user/ros2_ws/install/my_robot/share/ament_index/resource_index/parent_prefix_path/my_robot
[0.356s] -- Symlinking: /home/ntu-user/ros2_ws/install/my_robot/share/my_robot/environment/ament_prefix_path.sh
[0.358s] -- Symlinking: /home/ntu-user/ros2_ws/install/my_robot/share/my_robot/environment/ament_prefix_path.dsv
[0.361s] -- Symlinking: /home/ntu-user/ros2_ws/install/my_robot/share/my_robot/environment/path.sh
[0.364s] -- Symlinking: /home/ntu-user/ros2_ws/install/my_robot/share/my_robot/environment/path.dsv
[0.367s] -- Symlinking: /home/ntu-user/ros2_ws/install/my_robot/share/my_robot/local_setup.bash
[0.370s] -- Symlinking: /home/ntu-user/ros2_ws/install/my_robot/share/my_robot/local_setup.sh
[0.372s] -- Symlinking: /home/ntu-user/ros2_ws/install/my_robot/share/my_robot/local_setup.zsh
[0.375s] -- Symlinking: /home/ntu-user/ros2_ws/install/my_robot/share/my_robot/local_setup.dsv
[0.377s] -- Symlinking: /home/ntu-user/ros2_ws/install/my_robot/share/my_robot/package.dsv
[0.380s] -- Symlinking: /home/ntu-user/ros2_ws/install/my_robot/share/ament_index/resource_index/packages/my_robot
[0.384s] -- Symlinking: /home/ntu-user/ros2_ws/install/my_robot/share/my_robot/cmake/my_robotConfig.cmake
[0.391s] -- Symlinking: /home/ntu-user/ros2_ws/install/my_robot/share/my_robot/cmake/my_robotConfig-version.cmake
[0.391s] -- Symlinking: /home/ntu-user/ros2_ws/install/my_robot/share/my_robot/package.xml
[0.392s] Invoked command in '/home/ntu-user/ros2_ws/build/my_robot' returned '0': CMAKE_PREFIX_PATH=${CMAKE_PREFIX_PATH}:/opt/ros/humble /usr/bin/cmake --install /home/ntu-user/ros2_ws/build/my_robot
