[0.049s] Invoking command in '/home/ntu-user/ros2_ws/build/my_robot': CMAKE_PREFIX_PATH=${CMAKE_PREFIX_PATH}:/opt/ros/humble /usr/bin/cmake --build /home/ntu-user/ros2_ws/build/my_robot -- -j10 -l10
[0.065s] Invoked command in '/home/ntu-user/ros2_ws/build/my_robot' returned '0': CMAKE_PREFIX_PATH=${CMAKE_PREFIX_PATH}:/opt/ros/humble /usr/bin/cmake --build /home/ntu-user/ros2_ws/build/my_robot -- -j10 -l10
[0.076s] Invoking command in '/home/ntu-user/ros2_ws/build/my_robot': CMAKE_PREFIX_PATH=${CMAKE_PREFIX_PATH}:/opt/ros/humble /usr/bin/cmake --install /home/ntu-user/ros2_ws/build/my_robot
[0.079s] -- Install configuration: ""
[0.079s] -- Execute custom install script
[0.079s] -- Up-to-date symlink: /home/ntu-user/ros2_ws/install/my_robot/share/my_robot/urdf/my_robot.urdf
[0.079s] -- Up-to-date symlink: /home/ntu-user/ros2_ws/install/my_robot/share/my_robot/urdf/my_robot_gazebo.urdf
[0.079s] -- Up-to-date symlink: /home/ntu-user/ros2_ws/install/my_robot/share/my_robot/launch/display.launch.py
[0.079s] -- Up-to-date symlink: /home/ntu-user/ros2_ws/install/my_robot/share/my_robot/launch/gazebo.launch.py
[0.080s] -- Up-to-date symlink: /home/ntu-user/ros2_ws/install/my_robot/share/my_robot/worlds/my_world/my_world.sdf
[0.080s] -- Up-to-date symlink: /home/ntu-user/ros2_ws/install/my_robot/share/my_robot/config/gz_bridge.yaml
[0.080s] -- Up-to-date symlink: /home/ntu-user/ros2_ws/install/my_robot/share/ament_index/resource_index/package_run_dependencies/my_robot
[0.080s] -- Up-to-date symlink: /home/ntu-user/ros2_ws/install/my_robot/share/ament_index/resource_index/parent_prefix_path/my_robot
[0.080s] -- Up-to-date symlink: /home/ntu-user/ros2_ws/install/my_robot/share/my_robot/environment/ament_prefix_path.sh
[0.080s] -- Up-to-date symlink: /home/ntu-user/ros2_ws/install/my_robot/share/my_robot/environment/ament_prefix_path.dsv
[0.080s] -- Up-to-date symlink: /home/ntu-user/ros2_ws/install/my_robot/share/my_robot/environment/path.sh
[0.081s] -- Up-to-date symlink: /home/ntu-user/ros2_ws/install/my_robot/share/my_robot/environment/path.dsv
[0.081s] -- Up-to-date symlink: /home/ntu-user/ros2_ws/install/my_robot/share/my_robot/local_setup.bash
[0.081s] -- Up-to-date symlink: /home/ntu-user/ros2_ws/install/my_robot/share/my_robot/local_setup.sh
[0.082s] -- Up-to-date symlink: /home/ntu-user/ros2_ws/install/my_robot/share/my_robot/local_setup.zsh
[0.082s] -- Up-to-date symlink: /home/ntu-user/ros2_ws/install/my_robot/share/my_robot/local_setup.dsv
[0.082s] -- Symlinking: /home/ntu-user/ros2_ws/install/my_robot/share/my_robot/package.dsv
[0.090s] -- Up-to-date symlink: /home/ntu-user/ros2_ws/install/my_robot/share/ament_index/resource_index/packages/my_robot
[0.091s] -- Up-to-date symlink: /home/ntu-user/ros2_ws/install/my_robot/share/my_robot/cmake/my_robotConfig.cmake
[0.091s] -- Up-to-date symlink: /home/ntu-user/ros2_ws/install/my_robot/share/my_robot/cmake/my_robotConfig-version.cmake
[0.091s] -- Up-to-date symlink: /home/ntu-user/ros2_ws/install/my_robot/share/my_robot/package.xml
[0.091s] Invoked command in '/home/ntu-user/ros2_ws/build/my_robot' returned '0': CMAKE_PREFIX_PATH=${CMAKE_PREFIX_PATH}:/opt/ros/humble /usr/bin/cmake --install /home/ntu-user/ros2_ws/build/my_robot
