[0.547s] DEBUG:colcon:Command line arguments: ['/usr/bin/colcon', 'build', '--packages-select', 'ntu_robotsim']
[0.548s] DEBUG:colcon:Parsed command line arguments: Namespace(log_base=None, log_level=None, verb_name='build', build_base='build', install_base='install', merge_install=False, symlink_install=False, test_result_base=None, continue_on_error=False, executor='parallel', parallel_workers=10, event_handlers=None, ignore_user_meta=False, metas=['./colcon.meta'], base_paths=['.'], packages_ignore=None, packages_ignore_regex=None, paths=None, packages_up_to=None, packages_up_to_regex=None, packages_above=None, packages_above_and_dependencies=None, packages_above_depth=None, packages_select_by_dep=None, packages_skip_by_dep=None, packages_skip_up_to=None, packages_select_build_failed=False, packages_skip_build_finished=False, packages_select_test_failures=False, packages_skip_test_passed=False, packages_select=['ntu_robotsim'], packages_skip=None, packages_select_regex=None, packages_skip_regex=None, packages_start=None, packages_end=None, cmake_args=None, cmake_target=None, cmake_target_skip_unavailable=False, cmake_clean_cache=False, cmake_clean_first=False, cmake_force_configure=False, ament_cmake_args=None, catkin_cmake_args=None, catkin_skip_building_tests=False, verb_parser=<colcon_defaults.argument_parser.defaults.DefaultArgumentsDecorator object at 0xffffa5e98d30>, verb_extension=<colcon_core.verb.build.BuildVerb object at 0xffffa61484f0>, main=<bound method BuildVerb.main of <colcon_core.verb.build.BuildVerb object at 0xffffa61484f0>>)
[0.578s] Level 1:colcon.colcon_core.package_discovery:discover_packages(colcon_meta) check parameters
[0.579s] Level 1:colcon.colcon_core.package_discovery:discover_packages(recursive) check parameters
[0.579s] Level 1:colcon.colcon_core.package_discovery:discover_packages(ignore) check parameters
[0.579s] Level 1:colcon.colcon_core.package_discovery:discover_packages(path) check parameters
[0.579s] Level 1:colcon.colcon_core.package_discovery:discover_packages(colcon_meta) discover
[0.579s] Level 1:colcon.colcon_core.package_discovery:discover_packages(recursive) discover
[0.579s] INFO:colcon.colcon_core.package_discovery:Crawling recursively for packages in '/home/ntu-user/ros2_ws'
[0.579s] Level 1:colcon.colcon_core.package_identification:_identify(.) by extensions ['ignore', 'ignore_ament_install']
[0.579s] Level 1:colcon.colcon_core.package_identification:_identify(.) by extension 'ignore'
[0.580s] Level 1:colcon.colcon_core.package_identification:_identify(.) by extension 'ignore_ament_install'
[0.580s] Level 1:colcon.colcon_core.package_identification:_identify(.) by extensions ['colcon_pkg']
[0.580s] Level 1:colcon.colcon_core.package_identification:_identify(.) by extension 'colcon_pkg'
[0.580s] Level 1:colcon.colcon_core.package_identification:_identify(.) by extensions ['colcon_meta']
[0.580s] Level 1:colcon.colcon_core.package_identification:_identify(.) by extension 'colcon_meta'
[0.580s] Level 1:colcon.colcon_core.package_identification:_identify(.) by extensions ['ros']
[0.581s] Level 1:colcon.colcon_core.package_identification:_identify(.) by extension 'ros'
[0.602s] Level 1:colcon.colcon_core.package_identification:_identify(.) by extensions ['cmake', 'python']
[0.602s] Level 1:colcon.colcon_core.package_identification:_identify(.) by extension 'cmake'
[0.602s] Level 1:colcon.colcon_core.package_identification:_identify(.) by extension 'python'
[0.602s] Level 1:colcon.colcon_core.package_identification:_identify(.) by extensions ['python_setup_py']
[0.602s] Level 1:colcon.colcon_core.package_identification:_identify(.) by extension 'python_setup_py'
[0.603s] Level 1:colcon.colcon_core.package_identification:_identify(build) by extensions ['ignore', 'ignore_ament_install']
[0.603s] Level 1:colcon.colcon_core.package_identification:_identify(build) by extension 'ignore'
[0.603s] Level 1:colcon.colcon_core.package_identification:_identify(build) ignored
[0.603s] Level 1:colcon.colcon_core.package_identification:_identify(install) by extensions ['ignore', 'ignore_ament_install']
[0.603s] Level 1:colcon.colcon_core.package_identification:_identify(install) by extension 'ignore'
[0.603s] Level 1:colcon.colcon_core.package_identification:_identify(install) ignored
[0.603s] Level 1:colcon.colcon_core.package_identification:_identify(log) by extensions ['ignore', 'ignore_ament_install']
[0.603s] Level 1:colcon.colcon_core.package_identification:_identify(log) by extension 'ignore'
[0.603s] Level 1:colcon.colcon_core.package_identification:_identify(log) ignored
[0.604s] Level 1:colcon.colcon_core.package_identification:_identify(src) by extensions ['ignore', 'ignore_ament_install']
[0.604s] Level 1:colcon.colcon_core.package_identification:_identify(src) by extension 'ignore'
[0.604s] Level 1:colcon.colcon_core.package_identification:_identify(src) by extension 'ignore_ament_install'
[0.604s] Level 1:colcon.colcon_core.package_identification:_identify(src) by extensions ['colcon_pkg']
[0.604s] Level 1:colcon.colcon_core.package_identification:_identify(src) by extension 'colcon_pkg'
[0.604s] Level 1:colcon.colcon_core.package_identification:_identify(src) by extensions ['colcon_meta']
[0.604s] Level 1:colcon.colcon_core.package_identification:_identify(src) by extension 'colcon_meta'
[0.604s] Level 1:colcon.colcon_core.package_identification:_identify(src) by extensions ['ros']
[0.604s] Level 1:colcon.colcon_core.package_identification:_identify(src) by extension 'ros'
[0.604s] Level 1:colcon.colcon_core.package_identification:_identify(src) by extensions ['cmake', 'python']
[0.605s] Level 1:colcon.colcon_core.package_identification:_identify(src) by extension 'cmake'
[0.605s] Level 1:colcon.colcon_core.package_identification:_identify(src) by extension 'python'
[0.605s] Level 1:colcon.colcon_core.package_identification:_identify(src) by extensions ['python_setup_py']
[0.605s] Level 1:colcon.colcon_core.package_identification:_identify(src) by extension 'python_setup_py'
[0.605s] Level 1:colcon.colcon_core.package_identification:_identify(src/my_robot) by extensions ['ignore', 'ignore_ament_install']
[0.605s] Level 1:colcon.colcon_core.package_identification:_identify(src/my_robot) by extension 'ignore'
[0.605s] Level 1:colcon.colcon_core.package_identification:_identify(src/my_robot) by extension 'ignore_ament_install'
[0.605s] Level 1:colcon.colcon_core.package_identification:_identify(src/my_robot) by extensions ['colcon_pkg']
[0.605s] Level 1:colcon.colcon_core.package_identification:_identify(src/my_robot) by extension 'colcon_pkg'
[0.605s] Level 1:colcon.colcon_core.package_identification:_identify(src/my_robot) by extensions ['colcon_meta']
[0.605s] Level 1:colcon.colcon_core.package_identification:_identify(src/my_robot) by extension 'colcon_meta'
[0.606s] Level 1:colcon.colcon_core.package_identification:_identify(src/my_robot) by extensions ['ros']
[0.606s] Level 1:colcon.colcon_core.package_identification:_identify(src/my_robot) by extension 'ros'
[0.611s] DEBUG:colcon.colcon_core.package_identification:Package 'src/my_robot' with type 'ros.ament_cmake' and name 'my_robot'
[0.612s] Level 1:colcon.colcon_core.package_identification:_identify(src/ntu_robotsim_nav2) by extensions ['ignore', 'ignore_ament_install']
[0.612s] Level 1:colcon.colcon_core.package_identification:_identify(src/ntu_robotsim_nav2) by extension 'ignore'
[0.612s] Level 1:colcon.colcon_core.package_identification:_identify(src/ntu_robotsim_nav2) by extension 'ignore_ament_install'
[0.612s] Level 1:colcon.colcon_core.package_identification:_identify(src/ntu_robotsim_nav2) by extensions ['colcon_pkg']
[0.612s] Level 1:colcon.colcon_core.package_identification:_identify(src/ntu_robotsim_nav2) by extension 'colcon_pkg'
[0.612s] Level 1:colcon.colcon_core.package_identification:_identify(src/ntu_robotsim_nav2) by extensions ['colcon_meta']
[0.612s] Level 1:colcon.colcon_core.package_identification:_identify(src/ntu_robotsim_nav2) by extension 'colcon_meta'
[0.612s] Level 1:colcon.colcon_core.package_identification:_identify(src/ntu_robotsim_nav2) by extensions ['ros']
[0.612s] Level 1:colcon.colcon_core.package_identification:_identify(src/ntu_robotsim_nav2) by extension 'ros'
[0.612s] Level 1:colcon.colcon_core.package_identification:_identify(src/ntu_robotsim_nav2) by extensions ['cmake', 'python']
[0.612s] Level 1:colcon.colcon_core.package_identification:_identify(src/ntu_robotsim_nav2) by extension 'cmake'
[0.612s] Level 1:colcon.colcon_core.package_identification:_identify(src/ntu_robotsim_nav2) by extension 'python'
[0.612s] Level 1:colcon.colcon_core.package_identification:_identify(src/ntu_robotsim_nav2) by extensions ['python_setup_py']
[0.612s] Level 1:colcon.colcon_core.package_identification:_identify(src/ntu_robotsim_nav2) by extension 'python_setup_py'
[0.612s] Level 1:colcon.colcon_core.package_identification:_identify(src/ntu_robotsim_nav2/ntu_robotsim) by extensions ['ignore', 'ignore_ament_install']
[0.612s] Level 1:colcon.colcon_core.package_identification:_identify(src/ntu_robotsim_nav2/ntu_robotsim) by extension 'ignore'
[0.612s] Level 1:colcon.colcon_core.package_identification:_identify(src/ntu_robotsim_nav2/ntu_robotsim) by extension 'ignore_ament_install'
[0.612s] Level 1:colcon.colcon_core.package_identification:_identify(src/ntu_robotsim_nav2/ntu_robotsim) by extensions ['colcon_pkg']
[0.613s] Level 1:colcon.colcon_core.package_identification:_identify(src/ntu_robotsim_nav2/ntu_robotsim) by extension 'colcon_pkg'
[0.613s] Level 1:colcon.colcon_core.package_identification:_identify(src/ntu_robotsim_nav2/ntu_robotsim) by extensions ['colcon_meta']
[0.613s] Level 1:colcon.colcon_core.package_identification:_identify(src/ntu_robotsim_nav2/ntu_robotsim) by extension 'colcon_meta'
[0.613s] Level 1:colcon.colcon_core.package_identification:_identify(src/ntu_robotsim_nav2/ntu_robotsim) by extensions ['ros']
[0.613s] Level 1:colcon.colcon_core.package_identification:_identify(src/ntu_robotsim_nav2/ntu_robotsim) by extension 'ros'
[0.613s] DEBUG:colcon.colcon_core.package_identification:Package 'src/ntu_robotsim_nav2/ntu_robotsim' with type 'ros.ament_cmake' and name 'ntu_robotsim'
[0.615s] Level 1:colcon.colcon_core.package_identification:_identify(src/simple_robot_description) by extensions ['ignore', 'ignore_ament_install']
[0.615s] Level 1:colcon.colcon_core.package_identification:_identify(src/simple_robot_description) by extension 'ignore'
[0.615s] Level 1:colcon.colcon_core.package_identification:_identify(src/simple_robot_description) by extension 'ignore_ament_install'
[0.615s] Level 1:colcon.colcon_core.package_identification:_identify(src/simple_robot_description) by extensions ['colcon_pkg']
[0.615s] Level 1:colcon.colcon_core.package_identification:_identify(src/simple_robot_description) by extension 'colcon_pkg'
[0.615s] Level 1:colcon.colcon_core.package_identification:_identify(src/simple_robot_description) by extensions ['colcon_meta']
[0.616s] Level 1:colcon.colcon_core.package_identification:_identify(src/simple_robot_description) by extension 'colcon_meta'
[0.616s] Level 1:colcon.colcon_core.package_identification:_identify(src/simple_robot_description) by extensions ['ros']
[0.616s] Level 1:colcon.colcon_core.package_identification:_identify(src/simple_robot_description) by extension 'ros'
[0.617s] DEBUG:colcon.colcon_core.package_identification:Package 'src/simple_robot_description' with type 'ros.ament_cmake' and name 'simple_robot_description'
[0.617s] Level 1:colcon.colcon_core.package_discovery:discover_packages(recursive) using defaults
[0.617s] Level 1:colcon.colcon_core.package_discovery:discover_packages(ignore) discover
[0.617s] Level 1:colcon.colcon_core.package_discovery:discover_packages(ignore) using defaults
[0.617s] Level 1:colcon.colcon_core.package_discovery:discover_packages(path) discover
[0.618s] Level 1:colcon.colcon_core.package_discovery:discover_packages(path) using defaults
[0.732s] INFO:colcon.colcon_core.package_selection:Skipping not selected package 'my_robot' in 'src/my_robot'
[0.732s] INFO:colcon.colcon_core.package_selection:Skipping not selected package 'simple_robot_description' in 'src/simple_robot_description'
[0.751s] Level 5:colcon.colcon_core.verb:set package 'ntu_robotsim' build argument 'cmake_args' from command line to 'None'
[0.752s] Level 5:colcon.colcon_core.verb:set package 'ntu_robotsim' build argument 'cmake_target' from command line to 'None'
[0.756s] Level 5:colcon.colcon_core.verb:set package 'ntu_robotsim' build argument 'cmake_target_skip_unavailable' from command line to 'False'
[0.760s] Level 5:colcon.colcon_core.verb:set package 'ntu_robotsim' build argument 'cmake_clean_cache' from command line to 'False'
[0.760s] Level 5:colcon.colcon_core.verb:set package 'ntu_robotsim' build argument 'cmake_clean_first' from command line to 'False'
[0.760s] Level 5:colcon.colcon_core.verb:set package 'ntu_robotsim' build argument 'cmake_force_configure' from command line to 'False'
[0.760s] Level 5:colcon.colcon_core.verb:set package 'ntu_robotsim' build argument 'ament_cmake_args' from command line to 'None'
[0.760s] Level 5:colcon.colcon_core.verb:set package 'ntu_robotsim' build argument 'catkin_cmake_args' from command line to 'None'
[0.760s] Level 5:colcon.colcon_core.verb:set package 'ntu_robotsim' build argument 'catkin_skip_building_tests' from command line to 'False'
[0.760s] DEBUG:colcon.colcon_core.verb:Building package 'ntu_robotsim' with the following arguments: {'ament_cmake_args': None, 'build_base': '/home/ntu-user/ros2_ws/build/ntu_robotsim', 'catkin_cmake_args': None, 'catkin_skip_building_tests': False, 'cmake_args': None, 'cmake_clean_cache': False, 'cmake_clean_first': False, 'cmake_force_configure': False, 'cmake_target': None, 'cmake_target_skip_unavailable': False, 'install_base': '/home/ntu-user/ros2_ws/install/ntu_robotsim', 'merge_install': False, 'path': '/home/ntu-user/ros2_ws/src/ntu_robotsim_nav2/ntu_robotsim', 'symlink_install': False, 'test_result_base': None}
[0.797s] INFO:colcon.colcon_core.executor:Executing jobs using 'parallel' executor
[0.819s] DEBUG:colcon.colcon_parallel_executor.executor.parallel:run_until_complete
[0.820s] INFO:colcon.colcon_ros.task.ament_cmake.build:Building ROS package in '/home/ntu-user/ros2_ws/src/ntu_robotsim_nav2/ntu_robotsim' with build type 'ament_cmake'
[0.820s] INFO:colcon.colcon_cmake.task.cmake.build:Building CMake package in '/home/ntu-user/ros2_ws/src/ntu_robotsim_nav2/ntu_robotsim'
[0.833s] INFO:colcon.colcon_core.plugin_system:Skipping extension 'colcon_core.shell.bat': Not used on non-Windows systems
[0.833s] INFO:colcon.colcon_core.shell:Skip shell extension 'powershell' for command environment: Not usable outside of PowerShell
[0.833s] DEBUG:colcon.colcon_core.shell:Skip shell extension 'dsv' for command environment
[0.873s] DEBUG:colcon.colcon_core.event_handler.log_command:Invoking command in '/home/ntu-user/ros2_ws/build/ntu_robotsim': CMAKE_PREFIX_PATH=${CMAKE_PREFIX_PATH}:/opt/ros/humble /usr/bin/cmake --build /home/ntu-user/ros2_ws/build/ntu_robotsim -- -j10 -l10
[0.907s] DEBUG:colcon.colcon_core.event_handler.log_command:Invoked command in '/home/ntu-user/ros2_ws/build/ntu_robotsim' returned '0': CMAKE_PREFIX_PATH=${CMAKE_PREFIX_PATH}:/opt/ros/humble /usr/bin/cmake --build /home/ntu-user/ros2_ws/build/ntu_robotsim -- -j10 -l10
[0.928s] DEBUG:colcon.colcon_core.event_handler.log_command:Invoking command in '/home/ntu-user/ros2_ws/build/ntu_robotsim': CMAKE_PREFIX_PATH=${CMAKE_PREFIX_PATH}:/opt/ros/humble /usr/bin/cmake --install /home/ntu-user/ros2_ws/build/ntu_robotsim
[0.950s] Level 1:colcon.colcon_core.environment:create_environment_scripts_only(ntu_robotsim)
[0.951s] DEBUG:colcon.colcon_core.event_handler.log_command:Invoked command in '/home/ntu-user/ros2_ws/build/ntu_robotsim' returned '0': CMAKE_PREFIX_PATH=${CMAKE_PREFIX_PATH}:/opt/ros/humble /usr/bin/cmake --install /home/ntu-user/ros2_ws/build/ntu_robotsim
[0.960s] Level 1:colcon.colcon_core.environment:checking '/home/ntu-user/ros2_ws/install/ntu_robotsim' for CMake module files
[0.961s] Level 1:colcon.colcon_core.environment:checking '/home/ntu-user/ros2_ws/install/ntu_robotsim' for CMake config files
[0.962s] Level 1:colcon.colcon_core.shell:create_environment_hook('ntu_robotsim', 'cmake_prefix_path')
[0.970s] INFO:colcon.colcon_core.shell:Creating environment hook '/home/ntu-user/ros2_ws/install/ntu_robotsim/share/ntu_robotsim/hook/cmake_prefix_path.ps1'
[0.971s] INFO:colcon.colcon_core.shell:Creating environment descriptor '/home/ntu-user/ros2_ws/install/ntu_robotsim/share/ntu_robotsim/hook/cmake_prefix_path.dsv'
[0.971s] INFO:colcon.colcon_core.shell:Creating environment hook '/home/ntu-user/ros2_ws/install/ntu_robotsim/share/ntu_robotsim/hook/cmake_prefix_path.sh'
[0.972s] Level 1:colcon.colcon_core.environment:checking '/home/ntu-user/ros2_ws/install/ntu_robotsim/lib'
[0.972s] Level 1:colcon.colcon_core.environment:checking '/home/ntu-user/ros2_ws/install/ntu_robotsim/bin'
[0.972s] Level 1:colcon.colcon_core.environment:checking '/home/ntu-user/ros2_ws/install/ntu_robotsim/lib/pkgconfig/ntu_robotsim.pc'
[0.974s] Level 1:colcon.colcon_core.environment:checking '/home/ntu-user/ros2_ws/install/ntu_robotsim/lib/python3.10/site-packages'
[0.974s] Level 1:colcon.colcon_core.environment:checking '/home/ntu-user/ros2_ws/install/ntu_robotsim/bin'
[0.982s] INFO:colcon.colcon_core.shell:Creating package script '/home/ntu-user/ros2_ws/install/ntu_robotsim/share/ntu_robotsim/package.ps1'
[0.983s] INFO:colcon.colcon_core.shell:Creating package descriptor '/home/ntu-user/ros2_ws/install/ntu_robotsim/share/ntu_robotsim/package.dsv'
[0.983s] INFO:colcon.colcon_core.shell:Creating package script '/home/ntu-user/ros2_ws/install/ntu_robotsim/share/ntu_robotsim/package.sh'
[0.984s] INFO:colcon.colcon_core.shell:Creating package script '/home/ntu-user/ros2_ws/install/ntu_robotsim/share/ntu_robotsim/package.bash'
[0.984s] INFO:colcon.colcon_core.shell:Creating package script '/home/ntu-user/ros2_ws/install/ntu_robotsim/share/ntu_robotsim/package.zsh'
[0.985s] Level 1:colcon.colcon_core.environment:create_file_with_runtime_dependencies(/home/ntu-user/ros2_ws/install/ntu_robotsim/share/colcon-core/packages/ntu_robotsim)
[1.010s] Level 1:colcon.colcon_core.environment:create_environment_scripts_only(ntu_robotsim)
[1.018s] Level 1:colcon.colcon_core.environment:checking '/home/ntu-user/ros2_ws/install/ntu_robotsim' for CMake module files
[1.018s] Level 1:colcon.colcon_core.environment:checking '/home/ntu-user/ros2_ws/install/ntu_robotsim' for CMake config files
[1.019s] Level 1:colcon.colcon_core.shell:create_environment_hook('ntu_robotsim', 'cmake_prefix_path')
[1.027s] INFO:colcon.colcon_core.shell:Creating environment hook '/home/ntu-user/ros2_ws/install/ntu_robotsim/share/ntu_robotsim/hook/cmake_prefix_path.ps1'
[1.028s] INFO:colcon.colcon_core.shell:Creating environment descriptor '/home/ntu-user/ros2_ws/install/ntu_robotsim/share/ntu_robotsim/hook/cmake_prefix_path.dsv'
[1.028s] INFO:colcon.colcon_core.shell:Creating environment hook '/home/ntu-user/ros2_ws/install/ntu_robotsim/share/ntu_robotsim/hook/cmake_prefix_path.sh'
[1.028s] Level 1:colcon.colcon_core.environment:checking '/home/ntu-user/ros2_ws/install/ntu_robotsim/lib'
[1.028s] Level 1:colcon.colcon_core.environment:checking '/home/ntu-user/ros2_ws/install/ntu_robotsim/bin'
[1.028s] Level 1:colcon.colcon_core.environment:checking '/home/ntu-user/ros2_ws/install/ntu_robotsim/lib/pkgconfig/ntu_robotsim.pc'
[1.029s] Level 1:colcon.colcon_core.environment:checking '/home/ntu-user/ros2_ws/install/ntu_robotsim/lib/python3.10/site-packages'
[1.029s] Level 1:colcon.colcon_core.environment:checking '/home/ntu-user/ros2_ws/install/ntu_robotsim/bin'
[1.037s] INFO:colcon.colcon_core.shell:Creating package script '/home/ntu-user/ros2_ws/install/ntu_robotsim/share/ntu_robotsim/package.ps1'
[1.037s] INFO:colcon.colcon_core.shell:Creating package descriptor '/home/ntu-user/ros2_ws/install/ntu_robotsim/share/ntu_robotsim/package.dsv'
[1.037s] INFO:colcon.colcon_core.shell:Creating package script '/home/ntu-user/ros2_ws/install/ntu_robotsim/share/ntu_robotsim/package.sh'
[1.038s] INFO:colcon.colcon_core.shell:Creating package script '/home/ntu-user/ros2_ws/install/ntu_robotsim/share/ntu_robotsim/package.bash'
[1.038s] INFO:colcon.colcon_core.shell:Creating package script '/home/ntu-user/ros2_ws/install/ntu_robotsim/share/ntu_robotsim/package.zsh'
[1.038s] Level 1:colcon.colcon_core.environment:create_file_with_runtime_dependencies(/home/ntu-user/ros2_ws/install/ntu_robotsim/share/colcon-core/packages/ntu_robotsim)
[1.038s] DEBUG:colcon.colcon_parallel_executor.executor.parallel:closing loop
[1.039s] DEBUG:colcon.colcon_parallel_executor.executor.parallel:loop closed
[1.039s] DEBUG:colcon.colcon_parallel_executor.executor.parallel:run_until_complete finished with '0'
[1.039s] DEBUG:colcon.colcon_core.event_reactor:joining thread
[1.052s] INFO:colcon.colcon_core.plugin_system:Skipping extension 'colcon_notification.desktop_notification.notify_send': Could not find 'notify-send'
[1.052s] INFO:colcon.colcon_core.plugin_system:Skipping extension 'colcon_notification.desktop_notification.terminal_notifier': Not used on non-Darwin systems
[1.052s] INFO:colcon.colcon_core.plugin_system:Skipping extension 'colcon_notification.desktop_notification.win32': Not used on non-Windows systems
[1.052s] INFO:colcon.colcon_notification.desktop_notification:Sending desktop notification using 'notify2'
[1.061s] DEBUG:colcon.colcon_core.event_reactor:joined thread
[1.069s] INFO:colcon.colcon_core.shell:Creating prefix script '/home/ntu-user/ros2_ws/install/local_setup.ps1'
[1.070s] INFO:colcon.colcon_core.shell:Creating prefix util module '/home/ntu-user/ros2_ws/install/_local_setup_util_ps1.py'
[1.071s] INFO:colcon.colcon_core.shell:Creating prefix chain script '/home/ntu-user/ros2_ws/install/setup.ps1'
[1.079s] INFO:colcon.colcon_core.shell:Creating prefix script '/home/ntu-user/ros2_ws/install/local_setup.sh'
[1.079s] INFO:colcon.colcon_core.shell:Creating prefix util module '/home/ntu-user/ros2_ws/install/_local_setup_util_sh.py'
[1.079s] INFO:colcon.colcon_core.shell:Creating prefix chain script '/home/ntu-user/ros2_ws/install/setup.sh'
[1.087s] INFO:colcon.colcon_core.shell:Creating prefix script '/home/ntu-user/ros2_ws/install/local_setup.bash'
[1.087s] INFO:colcon.colcon_core.shell:Creating prefix chain script '/home/ntu-user/ros2_ws/install/setup.bash'
[1.095s] INFO:colcon.colcon_core.shell:Creating prefix script '/home/ntu-user/ros2_ws/install/local_setup.zsh'
[1.095s] INFO:colcon.colcon_core.shell:Creating prefix chain script '/home/ntu-user/ros2_ws/install/setup.zsh'
