-- The C compiler identification is GNU 11.4.0
-- The CXX compiler identification is GNU 11.4.0
-- Detecting C compiler ABI info
-- Detecting C compiler ABI info - done
-- Check for working C compiler: /usr/bin/cc - skipped
-- Detecting C compile features
-- Detecting C compile features - done
-- Detecting CXX compiler ABI info
-- Detecting CXX compiler ABI info - done
-- Check for working CXX compiler: /usr/bin/c++ - skipped
-- Detecting CXX compile features
-- Detecting CXX compile features - done
-- Found ament_cmake: 1.3.5 (/opt/ros/humble/share/ament_cmake/cmake)
-- Found Python3: /usr/bin/python3.10 (found version "3.10.12") found components: Interpreter 
-- Configuring done
-- Generating done
-- Build files have been written to: /home/ntu-user/ros2_ws/build/ntu_robotsim
-- Install configuration: ""
-- Installing: /home/ntu-user/ros2_ws/install/ntu_robotsim/share/ntu_robotsim/config
-- Installing: /home/ntu-user/ros2_ws/install/ntu_robotsim/share/ntu_robotsim/config/single_robot_ros_gz_bridge.yaml
-- Installing: /home/ntu-user/ros2_ws/install/ntu_robotsim/share/ntu_robotsim/config/single_robot_maze_sim.yaml
-- Installing: /home/ntu-user/ros2_ws/install/ntu_robotsim/share/ntu_robotsim/config/spawn_robot.yaml
-- Installing: /home/ntu-user/ros2_ws/install/ntu_robotsim/share/ntu_robotsim/models
-- Installing: /home/ntu-user/ros2_ws/install/ntu_robotsim/share/ntu_robotsim/models/maze
-- Installing: /home/ntu-user/ros2_ws/install/ntu_robotsim/share/ntu_robotsim/models/maze/model.config
-- Installing: /home/ntu-user/ros2_ws/install/ntu_robotsim/share/ntu_robotsim/models/maze/meshes
-- Installing: /home/ntu-user/ros2_ws/install/ntu_robotsim/share/ntu_robotsim/models/maze/meshes/hexagon.dae
-- Installing: /home/ntu-user/ros2_ws/install/ntu_robotsim/share/ntu_robotsim/models/maze/meshes/wall.dae
-- Installing: /home/ntu-user/ros2_ws/install/ntu_robotsim/share/ntu_robotsim/models/maze/model.sdf
-- Installing: /home/ntu-user/ros2_ws/install/ntu_robotsim/share/ntu_robotsim/models/jetbot
-- Installing: /home/ntu-user/ros2_ws/install/ntu_robotsim/share/ntu_robotsim/models/jetbot/model.config
-- Installing: /home/ntu-user/ros2_ws/install/ntu_robotsim/share/ntu_robotsim/models/jetbot/meshes
-- Installing: /home/ntu-user/ros2_ws/install/ntu_robotsim/share/ntu_robotsim/models/jetbot/meshes/caster_wheel.dae
-- Installing: /home/ntu-user/ros2_ws/install/ntu_robotsim/share/ntu_robotsim/models/jetbot/meshes/front_wheel.dae
-- Installing: /home/ntu-user/ros2_ws/install/ntu_robotsim/share/ntu_robotsim/models/jetbot/meshes/jetbot_body.dae
-- Installing: /home/ntu-user/ros2_ws/install/ntu_robotsim/share/ntu_robotsim/models/jetbot/meshes/sensors
-- Installing: /home/ntu-user/ros2_ws/install/ntu_robotsim/share/ntu_robotsim/models/jetbot/meshes/sensors/raspi_camera.dae
-- Installing: /home/ntu-user/ros2_ws/install/ntu_robotsim/share/ntu_robotsim/models/jetbot/meshes/sensors/sonar_hc-sr04.dae
-- Installing: /home/ntu-user/ros2_ws/install/ntu_robotsim/share/ntu_robotsim/models/jetbot/model.sdf
-- Installing: /home/ntu-user/ros2_ws/install/ntu_robotsim/share/ntu_robotsim/worlds
-- Installing: /home/ntu-user/ros2_ws/install/ntu_robotsim/share/ntu_robotsim/worlds/maze
-- Installing: /home/ntu-user/ros2_ws/install/ntu_robotsim/share/ntu_robotsim/worlds/maze/maze.sdf
-- Installing: /home/ntu-user/ros2_ws/install/ntu_robotsim/share/ntu_robotsim/launch
-- Installing: /home/ntu-user/ros2_ws/install/ntu_robotsim/share/ntu_robotsim/launch/spawn_robot.launch.py
-- Installing: /home/ntu-user/ros2_ws/install/ntu_robotsim/share/ntu_robotsim/launch/maze.launch.py
-- Installing: /home/ntu-user/ros2_ws/install/ntu_robotsim/share/ntu_robotsim/launch/single_robot_sim.launch.py
-- Installing: /home/ntu-user/ros2_ws/install/ntu_robotsim/share/ntu_robotsim/urdf
-- Installing: /home/ntu-user/ros2_ws/install/ntu_robotsim/share/ntu_robotsim/urdf/jetbot.urdf
-- Installing: /home/ntu-user/ros2_ws/install/ntu_robotsim/share/ntu_robotsim/map
-- Installing: /home/ntu-user/ros2_ws/install/ntu_robotsim/share/ntu_robotsim/map/map.png
-- Installing: /home/ntu-user/ros2_ws/install/ntu_robotsim/share/ntu_robotsim/map/map.pgm
-- Installing: /home/ntu-user/ros2_ws/install/ntu_robotsim/share/ntu_robotsim/map/map.yaml
-- Installing: /home/ntu-user/ros2_ws/install/ntu_robotsim/share/ntu_robotsim/environment/gz_sim_resource_path.dsv
-- Installing: /home/ntu-user/ros2_ws/install/ntu_robotsim/share/ament_index/resource_index/package_run_dependencies/ntu_robotsim
-- Installing: /home/ntu-user/ros2_ws/install/ntu_robotsim/share/ament_index/resource_index/parent_prefix_path/ntu_robotsim
-- Installing: /home/ntu-user/ros2_ws/install/ntu_robotsim/share/ntu_robotsim/environment/ament_prefix_path.sh
-- Installing: /home/ntu-user/ros2_ws/install/ntu_robotsim/share/ntu_robotsim/environment/ament_prefix_path.dsv
-- Installing: /home/ntu-user/ros2_ws/install/ntu_robotsim/share/ntu_robotsim/environment/path.sh
-- Installing: /home/ntu-user/ros2_ws/install/ntu_robotsim/share/ntu_robotsim/environment/path.dsv
-- Installing: /home/ntu-user/ros2_ws/install/ntu_robotsim/share/ntu_robotsim/local_setup.bash
-- Installing: /home/ntu-user/ros2_ws/install/ntu_robotsim/share/ntu_robotsim/local_setup.sh
-- Installing: /home/ntu-user/ros2_ws/install/ntu_robotsim/share/ntu_robotsim/local_setup.zsh
-- Installing: /home/ntu-user/ros2_ws/install/ntu_robotsim/share/ntu_robotsim/local_setup.dsv
-- Installing: /home/ntu-user/ros2_ws/install/ntu_robotsim/share/ntu_robotsim/package.dsv
-- Installing: /home/ntu-user/ros2_ws/install/ntu_robotsim/share/ament_index/resource_index/packages/ntu_robotsim
-- Installing: /home/ntu-user/ros2_ws/install/ntu_robotsim/share/ntu_robotsim/cmake/ntu_robotsimConfig.cmake
-- Installing: /home/ntu-user/ros2_ws/install/ntu_robotsim/share/ntu_robotsim/cmake/ntu_robotsimConfig-version.cmake
-- Installing: /home/ntu-user/ros2_ws/install/ntu_robotsim/share/ntu_robotsim/package.xml
