[0.023s] Invoking command in '/home/ntu-user/ros2_ws/build/ntu_robotsim': CMAKE_PREFIX_PATH=${CMAKE_PREFIX_PATH}:/opt/ros/humble /usr/bin/cmake /home/ntu-user/ros2_ws/src/ntu_robotsim_nav2/ntu_robotsim -DCMAKE_INSTALL_PREFIX=/home/ntu-user/ros2_ws/install/ntu_robotsim
[0.053s] -- The C compiler identification is GNU 11.4.0
[0.078s] -- The CXX compiler identification is GNU 11.4.0
[0.081s] -- Detecting C compiler ABI info
[0.111s] -- Detecting C compiler ABI info - done
[0.114s] -- Check for working C compiler: /usr/bin/cc - skipped
[0.114s] -- Detecting C compile features
[0.114s] -- Detecting C compile features - done
[0.116s] -- Detecting CXX compiler ABI info
[0.151s] -- Detecting CXX compiler ABI info - done
[0.155s] -- Check for working CXX compiler: /usr/bin/c++ - skipped
[0.155s] -- Detecting CXX compile features
[0.155s] -- Detecting CXX compile features - done
[0.159s] -- Found ament_cmake: 1.3.5 (/opt/ros/humble/share/ament_cmake/cmake)
[0.227s] -- Found Python3: /usr/bin/python3.10 (found version "3.10.12") found components: Interpreter 
[0.291s] -- Configuring done
[0.293s] -- Generating done
[0.294s] -- Build files have been written to: /home/ntu-user/ros2_ws/build/ntu_robotsim
[0.296s] Invoked command in '/home/ntu-user/ros2_ws/build/ntu_robotsim' returned '0': CMAKE_PREFIX_PATH=${CMAKE_PREFIX_PATH}:/opt/ros/humble /usr/bin/cmake /home/ntu-user/ros2_ws/src/ntu_robotsim_nav2/ntu_robotsim -DCMAKE_INSTALL_PREFIX=/home/ntu-user/ros2_ws/install/ntu_robotsim
[0.297s] Invoking command in '/home/ntu-user/ros2_ws/build/ntu_robotsim': CMAKE_PREFIX_PATH=${CMAKE_PREFIX_PATH}:/opt/ros/humble /usr/bin/cmake --build /home/ntu-user/ros2_ws/build/ntu_robotsim -- -j10 -l10
[0.309s] Invoked command in '/home/ntu-user/ros2_ws/build/ntu_robotsim' returned '0': CMAKE_PREFIX_PATH=${CMAKE_PREFIX_PATH}:/opt/ros/humble /usr/bin/cmake --build /home/ntu-user/ros2_ws/build/ntu_robotsim -- -j10 -l10
[0.320s] Invoking command in '/home/ntu-user/ros2_ws/build/ntu_robotsim': CMAKE_PREFIX_PATH=${CMAKE_PREFIX_PATH}:/opt/ros/humble /usr/bin/cmake --install /home/ntu-user/ros2_ws/build/ntu_robotsim
[0.322s] -- Install configuration: ""
[0.322s] -- Installing: /home/ntu-user/ros2_ws/install/ntu_robotsim/share/ntu_robotsim/config
[0.322s] -- Installing: /home/ntu-user/ros2_ws/install/ntu_robotsim/share/ntu_robotsim/config/single_robot_ros_gz_bridge.yaml
[0.322s] -- Installing: /home/ntu-user/ros2_ws/install/ntu_robotsim/share/ntu_robotsim/config/single_robot_maze_sim.yaml
[0.323s] -- Installing: /home/ntu-user/ros2_ws/install/ntu_robotsim/share/ntu_robotsim/config/spawn_robot.yaml
[0.323s] -- Installing: /home/ntu-user/ros2_ws/install/ntu_robotsim/share/ntu_robotsim/models
[0.323s] -- Installing: /home/ntu-user/ros2_ws/install/ntu_robotsim/share/ntu_robotsim/models/maze
[0.323s] -- Installing: /home/ntu-user/ros2_ws/install/ntu_robotsim/share/ntu_robotsim/models/maze/model.config
[0.323s] -- Installing: /home/ntu-user/ros2_ws/install/ntu_robotsim/share/ntu_robotsim/models/maze/meshes
[0.323s] -- Installing: /home/ntu-user/ros2_ws/install/ntu_robotsim/share/ntu_robotsim/models/maze/meshes/hexagon.dae
[0.323s] -- Installing: /home/ntu-user/ros2_ws/install/ntu_robotsim/share/ntu_robotsim/models/maze/meshes/wall.dae
[0.323s] -- Installing: /home/ntu-user/ros2_ws/install/ntu_robotsim/share/ntu_robotsim/models/maze/model.sdf
[0.323s] -- Installing: /home/ntu-user/ros2_ws/install/ntu_robotsim/share/ntu_robotsim/models/jetbot
[0.323s] -- Installing: /home/ntu-user/ros2_ws/install/ntu_robotsim/share/ntu_robotsim/models/jetbot/model.config
[0.323s] -- Installing: /home/ntu-user/ros2_ws/install/ntu_robotsim/share/ntu_robotsim/models/jetbot/meshes
[0.323s] -- Installing: /home/ntu-user/ros2_ws/install/ntu_robotsim/share/ntu_robotsim/models/jetbot/meshes/caster_wheel.dae
[0.324s] -- Installing: /home/ntu-user/ros2_ws/install/ntu_robotsim/share/ntu_robotsim/models/jetbot/meshes/front_wheel.dae
[0.324s] -- Installing: /home/ntu-user/ros2_ws/install/ntu_robotsim/share/ntu_robotsim/models/jetbot/meshes/jetbot_body.dae
[0.325s] -- Installing: /home/ntu-user/ros2_ws/install/ntu_robotsim/share/ntu_robotsim/models/jetbot/meshes/sensors
[0.325s] -- Installing: /home/ntu-user/ros2_ws/install/ntu_robotsim/share/ntu_robotsim/models/jetbot/meshes/sensors/raspi_camera.dae
[0.325s] -- Installing: /home/ntu-user/ros2_ws/install/ntu_robotsim/share/ntu_robotsim/models/jetbot/meshes/sensors/sonar_hc-sr04.dae
[0.325s] -- Installing: /home/ntu-user/ros2_ws/install/ntu_robotsim/share/ntu_robotsim/models/jetbot/model.sdf
[0.325s] -- Installing: /home/ntu-user/ros2_ws/install/ntu_robotsim/share/ntu_robotsim/worlds
[0.325s] -- Installing: /home/ntu-user/ros2_ws/install/ntu_robotsim/share/ntu_robotsim/worlds/maze
[0.325s] -- Installing: /home/ntu-user/ros2_ws/install/ntu_robotsim/share/ntu_robotsim/worlds/maze/maze.sdf
[0.326s] -- Installing: /home/ntu-user/ros2_ws/install/ntu_robotsim/share/ntu_robotsim/launch
[0.326s] -- Installing: /home/ntu-user/ros2_ws/install/ntu_robotsim/share/ntu_robotsim/launch/spawn_robot.launch.py
[0.326s] -- Installing: /home/ntu-user/ros2_ws/install/ntu_robotsim/share/ntu_robotsim/launch/maze.launch.py
[0.326s] -- Installing: /home/ntu-user/ros2_ws/install/ntu_robotsim/share/ntu_robotsim/launch/single_robot_sim.launch.py
[0.326s] -- Installing: /home/ntu-user/ros2_ws/install/ntu_robotsim/share/ntu_robotsim/urdf
[0.326s] -- Installing: /home/ntu-user/ros2_ws/install/ntu_robotsim/share/ntu_robotsim/urdf/jetbot.urdf
[0.326s] -- Installing: /home/ntu-user/ros2_ws/install/ntu_robotsim/share/ntu_robotsim/map
[0.326s] -- Installing: /home/ntu-user/ros2_ws/install/ntu_robotsim/share/ntu_robotsim/map/map.png
[0.326s] -- Installing: /home/ntu-user/ros2_ws/install/ntu_robotsim/share/ntu_robotsim/map/map.pgm
[0.326s] -- Installing: /home/ntu-user/ros2_ws/install/ntu_robotsim/share/ntu_robotsim/map/map.yaml
[0.326s] -- Installing: /home/ntu-user/ros2_ws/install/ntu_robotsim/share/ntu_robotsim/environment/gz_sim_resource_path.dsv
[0.326s] -- Installing: /home/ntu-user/ros2_ws/install/ntu_robotsim/share/ament_index/resource_index/package_run_dependencies/ntu_robotsim
[0.327s] -- Installing: /home/ntu-user/ros2_ws/install/ntu_robotsim/share/ament_index/resource_index/parent_prefix_path/ntu_robotsim
[0.327s] -- Installing: /home/ntu-user/ros2_ws/install/ntu_robotsim/share/ntu_robotsim/environment/ament_prefix_path.sh
[0.327s] -- Installing: /home/ntu-user/ros2_ws/install/ntu_robotsim/share/ntu_robotsim/environment/ament_prefix_path.dsv
[0.327s] -- Installing: /home/ntu-user/ros2_ws/install/ntu_robotsim/share/ntu_robotsim/environment/path.sh
[0.327s] -- Installing: /home/ntu-user/ros2_ws/install/ntu_robotsim/share/ntu_robotsim/environment/path.dsv
[0.327s] -- Installing: /home/ntu-user/ros2_ws/install/ntu_robotsim/share/ntu_robotsim/local_setup.bash
[0.327s] -- Installing: /home/ntu-user/ros2_ws/install/ntu_robotsim/share/ntu_robotsim/local_setup.sh
[0.327s] -- Installing: /home/ntu-user/ros2_ws/install/ntu_robotsim/share/ntu_robotsim/local_setup.zsh
[0.327s] -- Installing: /home/ntu-user/ros2_ws/install/ntu_robotsim/share/ntu_robotsim/local_setup.dsv
[0.327s] -- Installing: /home/ntu-user/ros2_ws/install/ntu_robotsim/share/ntu_robotsim/package.dsv
[0.327s] -- Installing: /home/ntu-user/ros2_ws/install/ntu_robotsim/share/ament_index/resource_index/packages/ntu_robotsim
[0.327s] -- Installing: /home/ntu-user/ros2_ws/install/ntu_robotsim/share/ntu_robotsim/cmake/ntu_robotsimConfig.cmake
[0.327s] -- Installing: /home/ntu-user/ros2_ws/install/ntu_robotsim/share/ntu_robotsim/cmake/ntu_robotsimConfig-version.cmake
[0.328s] -- Installing: /home/ntu-user/ros2_ws/install/ntu_robotsim/share/ntu_robotsim/package.xml
[0.328s] Invoked command in '/home/ntu-user/ros2_ws/build/ntu_robotsim' returned '0': CMAKE_PREFIX_PATH=${CMAKE_PREFIX_PATH}:/opt/ros/humble /usr/bin/cmake --install /home/ntu-user/ros2_ws/build/ntu_robotsim
