[0.017s] Invoking command in '/home/ntu-user/ros2_ws/src/my_robot/build/my_robot': CMAKE_PREFIX_PATH=${CMAKE_PREFIX_PATH}:/opt/ros/humble /usr/bin/cmake /home/ntu-user/ros2_ws/src/my_robot -DAMENT_CMAKE_SYMLINK_INSTALL=1 -DCMAKE_INSTALL_PREFIX=/home/ntu-user/ros2_ws/src/my_robot/install/my_robot
[0.041s] -- The C compiler identification is GNU 11.4.0
[0.063s] -- The CXX compiler identification is GNU 11.4.0
[0.066s] -- Detecting C compiler ABI info
[0.094s] -- Detecting C compiler ABI info - done
[0.097s] -- Check for working C compiler: /usr/bin/cc - skipped
[0.097s] -- Detecting C compile features
[0.098s] -- Detecting C compile features - done
[0.099s] -- Detecting CXX compiler ABI info
[0.128s] -- Detecting CXX compiler ABI info - done
[0.131s] -- Check for working CXX compiler: /usr/bin/c++ - skipped
[0.131s] -- Detecting CXX compile features
[0.131s] -- Detecting CXX compile features - done
[0.133s] -- Found ament_cmake: 1.3.5 (/opt/ros/humble/share/ament_cmake/cmake)
[0.199s] -- Found Python3: /usr/bin/python3.10 (found version "3.10.12") found components: Interpreter 
[0.222s] -- Override CMake install command with custom implementation using symlinks instead of copying resources
[0.233s] -- Found ament_lint_auto: 0.12.8 (/opt/ros/humble/share/ament_lint_auto/cmake)
[0.262s] -- Added test 'cppcheck' to perform static code analysis on C / C++ code
[0.262s] -- Configured cppcheck include dirs: 
[0.262s] -- Configured cppcheck exclude dirs and/or files: 
[0.263s] -- Added test 'flake8' to check Python code syntax and style conventions
[0.263s] -- Added test 'lint_cmake' to check CMake code style
[0.264s] -- Added test 'pep257' to check Python code against some of the docstring style conventions in PEP 257
[0.265s] -- Added test 'uncrustify' to check C / C++ code style
[0.265s] -- Configured uncrustify additional arguments: 
[0.265s] -- Added test 'xmllint' to check XML markup files
[0.266s] -- Configuring done
[0.267s] -- Generating done
[0.268s] -- Build files have been written to: /home/ntu-user/ros2_ws/src/my_robot/build/my_robot
[0.270s] Invoked command in '/home/ntu-user/ros2_ws/src/my_robot/build/my_robot' returned '0': CMAKE_PREFIX_PATH=${CMAKE_PREFIX_PATH}:/opt/ros/humble /usr/bin/cmake /home/ntu-user/ros2_ws/src/my_robot -DAMENT_CMAKE_SYMLINK_INSTALL=1 -DCMAKE_INSTALL_PREFIX=/home/ntu-user/ros2_ws/src/my_robot/install/my_robot
[0.271s] Invoking command in '/home/ntu-user/ros2_ws/src/my_robot/build/my_robot': CMAKE_PREFIX_PATH=${CMAKE_PREFIX_PATH}:/opt/ros/humble /usr/bin/cmake --build /home/ntu-user/ros2_ws/src/my_robot/build/my_robot -- -j10 -l10
[0.283s] Invoked command in '/home/ntu-user/ros2_ws/src/my_robot/build/my_robot' returned '0': CMAKE_PREFIX_PATH=${CMAKE_PREFIX_PATH}:/opt/ros/humble /usr/bin/cmake --build /home/ntu-user/ros2_ws/src/my_robot/build/my_robot -- -j10 -l10
[0.293s] Invoking command in '/home/ntu-user/ros2_ws/src/my_robot/build/my_robot': CMAKE_PREFIX_PATH=${CMAKE_PREFIX_PATH}:/opt/ros/humble /usr/bin/cmake --install /home/ntu-user/ros2_ws/src/my_robot/build/my_robot
[0.295s] -- Install configuration: ""
[0.295s] -- Execute custom install script
[0.296s] -- Symlinking: /home/ntu-user/ros2_ws/src/my_robot/install/my_robot/share/my_robot/urdf/my_robot.urdf
[0.301s] -- Symlinking: /home/ntu-user/ros2_ws/src/my_robot/install/my_robot/share/my_robot/urdf/my_robot_gazebo.urdf
[0.304s] -- Symlinking: /home/ntu-user/ros2_ws/src/my_robot/install/my_robot/share/my_robot/launch/display.launch.py
[0.307s] -- Symlinking: /home/ntu-user/ros2_ws/src/my_robot/install/my_robot/share/my_robot/worlds/my_world/my_world.sdf
[0.310s] -- Symlinking: /home/ntu-user/ros2_ws/src/my_robot/install/my_robot/share/my_robot/config/gz_bridge.yaml
[0.312s] -- Symlinking: /home/ntu-user/ros2_ws/src/my_robot/install/my_robot/share/ament_index/resource_index/package_run_dependencies/my_robot
[0.315s] -- Symlinking: /home/ntu-user/ros2_ws/src/my_robot/install/my_robot/share/ament_index/resource_index/parent_prefix_path/my_robot
[0.317s] -- Symlinking: /home/ntu-user/ros2_ws/src/my_robot/install/my_robot/share/my_robot/environment/ament_prefix_path.sh
[0.320s] -- Symlinking: /home/ntu-user/ros2_ws/src/my_robot/install/my_robot/share/my_robot/environment/ament_prefix_path.dsv
[0.322s] -- Symlinking: /home/ntu-user/ros2_ws/src/my_robot/install/my_robot/share/my_robot/environment/path.sh
[0.324s] -- Symlinking: /home/ntu-user/ros2_ws/src/my_robot/install/my_robot/share/my_robot/environment/path.dsv
[0.327s] -- Symlinking: /home/ntu-user/ros2_ws/src/my_robot/install/my_robot/share/my_robot/local_setup.bash
[0.330s] -- Symlinking: /home/ntu-user/ros2_ws/src/my_robot/install/my_robot/share/my_robot/local_setup.sh
[0.332s] -- Symlinking: /home/ntu-user/ros2_ws/src/my_robot/install/my_robot/share/my_robot/local_setup.zsh
[0.335s] -- Symlinking: /home/ntu-user/ros2_ws/src/my_robot/install/my_robot/share/my_robot/local_setup.dsv
[0.338s] -- Symlinking: /home/ntu-user/ros2_ws/src/my_robot/install/my_robot/share/my_robot/package.dsv
[0.340s] -- Symlinking: /home/ntu-user/ros2_ws/src/my_robot/install/my_robot/share/ament_index/resource_index/packages/my_robot
[0.343s] -- Symlinking: /home/ntu-user/ros2_ws/src/my_robot/install/my_robot/share/my_robot/cmake/my_robotConfig.cmake
[0.345s] -- Symlinking: /home/ntu-user/ros2_ws/src/my_robot/install/my_robot/share/my_robot/cmake/my_robotConfig-version.cmake
[0.348s] -- Symlinking: /home/ntu-user/ros2_ws/src/my_robot/install/my_robot/share/my_robot/package.xml
[0.351s] Invoked command in '/home/ntu-user/ros2_ws/src/my_robot/build/my_robot' returned '0': CMAKE_PREFIX_PATH=${CMAKE_PREFIX_PATH}:/opt/ros/humble /usr/bin/cmake --install /home/ntu-user/ros2_ws/src/my_robot/build/my_robot
