[0.019s] Invoking command in '/home/ntu-user/ros2_ws/src/simple_robot_description/build/simple_robot_description': CMAKE_PREFIX_PATH=${CMAKE_PREFIX_PATH}:/opt/ros/humble /usr/bin/cmake /home/ntu-user/ros2_ws/src/simple_robot_description -DAMENT_CMAKE_SYMLINK_INSTALL=1 -DCMAKE_INSTALL_PREFIX=/home/ntu-user/ros2_ws/src/simple_robot_description/install/simple_robot_description
[0.097s] -- The C compiler identification is GNU 11.4.0
[0.152s] -- The CXX compiler identification is GNU 11.4.0
[0.158s] -- Detecting C compiler ABI info
[0.186s] -- Detecting C compiler ABI info - done
[0.189s] -- Check for working C compiler: /usr/bin/cc - skipped
[0.189s] -- Detecting C compile features
[0.190s] -- Detecting C compile features - done
[0.191s] -- Detecting CXX compiler ABI info
[0.221s] -- Detecting CXX compiler ABI info - done
[0.223s] -- Check for working CXX compiler: /usr/bin/c++ - skipped
[0.223s] -- Detecting CXX compile features
[0.224s] -- Detecting CXX compile features - done
[0.227s] -- Found ament_cmake: 1.3.5 (/opt/ros/humble/share/ament_cmake/cmake)
[0.291s] -- Found Python3: /usr/bin/python3.10 (found version "3.10.12") found components: Interpreter 
[0.316s] -- Override CMake install command with custom implementation using symlinks instead of copying resources
[0.335s] -- Found ament_lint_auto: 0.12.8 (/opt/ros/humble/share/ament_lint_auto/cmake)
[0.369s] -- Added test 'cppcheck' to perform static code analysis on C / C++ code
[0.369s] -- Configured cppcheck include dirs: 
[0.369s] -- Configured cppcheck exclude dirs and/or files: 
[0.369s] -- Added test 'flake8' to check Python code syntax and style conventions
[0.370s] -- Added test 'lint_cmake' to check CMake code style
[0.370s] -- Added test 'pep257' to check Python code against some of the docstring style conventions in PEP 257
[0.372s] -- Added test 'uncrustify' to check C / C++ code style
[0.372s] -- Configured uncrustify additional arguments: 
[0.372s] -- Added test 'xmllint' to check XML markup files
[0.373s] -- Configuring done
[0.374s] -- Generating done
[0.374s] -- Build files have been written to: /home/ntu-user/ros2_ws/src/simple_robot_description/build/simple_robot_description
[0.376s] Invoked command in '/home/ntu-user/ros2_ws/src/simple_robot_description/build/simple_robot_description' returned '0': CMAKE_PREFIX_PATH=${CMAKE_PREFIX_PATH}:/opt/ros/humble /usr/bin/cmake /home/ntu-user/ros2_ws/src/simple_robot_description -DAMENT_CMAKE_SYMLINK_INSTALL=1 -DCMAKE_INSTALL_PREFIX=/home/ntu-user/ros2_ws/src/simple_robot_description/install/simple_robot_description
[0.377s] Invoking command in '/home/ntu-user/ros2_ws/src/simple_robot_description/build/simple_robot_description': CMAKE_PREFIX_PATH=${CMAKE_PREFIX_PATH}:/opt/ros/humble /usr/bin/cmake --build /home/ntu-user/ros2_ws/src/simple_robot_description/build/simple_robot_description -- -j10 -l10
[0.388s] Invoked command in '/home/ntu-user/ros2_ws/src/simple_robot_description/build/simple_robot_description' returned '0': CMAKE_PREFIX_PATH=${CMAKE_PREFIX_PATH}:/opt/ros/humble /usr/bin/cmake --build /home/ntu-user/ros2_ws/src/simple_robot_description/build/simple_robot_description -- -j10 -l10
[0.398s] Invoking command in '/home/ntu-user/ros2_ws/src/simple_robot_description/build/simple_robot_description': CMAKE_PREFIX_PATH=${CMAKE_PREFIX_PATH}:/opt/ros/humble /usr/bin/cmake --install /home/ntu-user/ros2_ws/src/simple_robot_description/build/simple_robot_description
[0.400s] -- Install configuration: ""
[0.400s] -- Execute custom install script
[0.400s] -- Symlinking: /home/ntu-user/ros2_ws/src/simple_robot_description/install/simple_robot_description/share/simple_robot_description/urdf/simple_robot.urdf
[0.402s] -- Symlinking: /home/ntu-user/ros2_ws/src/simple_robot_description/install/simple_robot_description/share/simple_robot_description/urdf/simple_robot_gazebo.urdf
[0.405s] -- Symlinking: /home/ntu-user/ros2_ws/src/simple_robot_description/install/simple_robot_description/share/simple_robot_description/launch/display.launch.py
[0.407s] -- Symlinking: /home/ntu-user/ros2_ws/src/simple_robot_description/install/simple_robot_description/share/simple_robot_description/launch/gazebo.launch.py
[0.410s] -- Symlinking: /home/ntu-user/ros2_ws/src/simple_robot_description/install/simple_robot_description/share/simple_robot_description/rviz/urdf_config.rviz
[0.413s] -- Symlinking: /home/ntu-user/ros2_ws/src/simple_robot_description/install/simple_robot_description/share/simple_robot_description/config/gz_bridge.yaml
[0.415s] -- Symlinking: /home/ntu-user/ros2_ws/src/simple_robot_description/install/simple_robot_description/share/simple_robot_description/worlds/diff_drive/diff_drive.sdf
[0.418s] -- Symlinking: /home/ntu-user/ros2_ws/src/simple_robot_description/install/simple_robot_description/share/ament_index/resource_index/package_run_dependencies/simple_robot_description
[0.420s] -- Symlinking: /home/ntu-user/ros2_ws/src/simple_robot_description/install/simple_robot_description/share/ament_index/resource_index/parent_prefix_path/simple_robot_description
[0.422s] -- Symlinking: /home/ntu-user/ros2_ws/src/simple_robot_description/install/simple_robot_description/share/simple_robot_description/environment/ament_prefix_path.sh
[0.425s] -- Symlinking: /home/ntu-user/ros2_ws/src/simple_robot_description/install/simple_robot_description/share/simple_robot_description/environment/ament_prefix_path.dsv
[0.427s] -- Symlinking: /home/ntu-user/ros2_ws/src/simple_robot_description/install/simple_robot_description/share/simple_robot_description/environment/path.sh
[0.429s] -- Symlinking: /home/ntu-user/ros2_ws/src/simple_robot_description/install/simple_robot_description/share/simple_robot_description/environment/path.dsv
[0.432s] -- Symlinking: /home/ntu-user/ros2_ws/src/simple_robot_description/install/simple_robot_description/share/simple_robot_description/local_setup.bash
[0.434s] -- Symlinking: /home/ntu-user/ros2_ws/src/simple_robot_description/install/simple_robot_description/share/simple_robot_description/local_setup.sh
[0.437s] -- Symlinking: /home/ntu-user/ros2_ws/src/simple_robot_description/install/simple_robot_description/share/simple_robot_description/local_setup.zsh
[0.439s] -- Symlinking: /home/ntu-user/ros2_ws/src/simple_robot_description/install/simple_robot_description/share/simple_robot_description/local_setup.dsv
[0.441s] -- Symlinking: /home/ntu-user/ros2_ws/src/simple_robot_description/install/simple_robot_description/share/simple_robot_description/package.dsv
[0.444s] -- Symlinking: /home/ntu-user/ros2_ws/src/simple_robot_description/install/simple_robot_description/share/ament_index/resource_index/packages/simple_robot_description
[0.446s] -- Symlinking: /home/ntu-user/ros2_ws/src/simple_robot_description/install/simple_robot_description/share/simple_robot_description/cmake/simple_robot_descriptionConfig.cmake
[0.449s] -- Symlinking: /home/ntu-user/ros2_ws/src/simple_robot_description/install/simple_robot_description/share/simple_robot_description/cmake/simple_robot_descriptionConfig-version.cmake
[0.451s] -- Symlinking: /home/ntu-user/ros2_ws/src/simple_robot_description/install/simple_robot_description/share/simple_robot_description/package.xml
[0.454s] Invoked command in '/home/ntu-user/ros2_ws/src/simple_robot_description/build/simple_robot_description' returned '0': CMAKE_PREFIX_PATH=${CMAKE_PREFIX_PATH}:/opt/ros/humble /usr/bin/cmake --install /home/ntu-user/ros2_ws/src/simple_robot_description/build/simple_robot_description
