[0.022s] Invoking command in '/home/ntu-user/ros2_ws/build/simple_robot_description': CMAKE_PREFIX_PATH=${CMAKE_PREFIX_PATH}:/opt/ros/humble /usr/bin/cmake --build /home/ntu-user/ros2_ws/build/simple_robot_description -- -j10 -l10
[0.033s] Invoked command in '/home/ntu-user/ros2_ws/build/simple_robot_description' returned '0': CMAKE_PREFIX_PATH=${CMAKE_PREFIX_PATH}:/opt/ros/humble /usr/bin/cmake --build /home/ntu-user/ros2_ws/build/simple_robot_description -- -j10 -l10
[0.043s] Invoking command in '/home/ntu-user/ros2_ws/build/simple_robot_description': CMAKE_PREFIX_PATH=${CMAKE_PREFIX_PATH}:/opt/ros/humble /usr/bin/cmake --install /home/ntu-user/ros2_ws/build/simple_robot_description
[0.045s] -- Install configuration: ""
[0.045s] -- Execute custom install script
[0.045s] -- Up-to-date symlink: /home/ntu-user/ros2_ws/install/simple_robot_description/share/simple_robot_description/urdf/simple_robot.urdf
[0.045s] -- Up-to-date symlink: /home/ntu-user/ros2_ws/install/simple_robot_description/share/simple_robot_description/urdf/simple_robot_gazebo.urdf
[0.045s] -- Up-to-date symlink: /home/ntu-user/ros2_ws/install/simple_robot_description/share/simple_robot_description/include/markers.launch.py
[0.045s] -- Up-to-date symlink: /home/ntu-user/ros2_ws/install/simple_robot_description/share/simple_robot_description/include/robot_state_publisher.launch.py
[0.046s] -- Up-to-date symlink: /home/ntu-user/ros2_ws/install/simple_robot_description/share/simple_robot_description/include/rviz.launch.py
[0.046s] -- Up-to-date symlink: /home/ntu-user/ros2_ws/install/simple_robot_description/share/simple_robot_description/include/teleop.launch.py
[0.046s] -- Up-to-date symlink: /home/ntu-user/ros2_ws/install/simple_robot_description/share/simple_robot_description/include/transforms.launch.py
[0.046s] [33mCMake Warning (dev) at ament_cmake_symlink_install/ament_cmake_symlink_install.cmake:62 (file):
[0.046s]   Policy CMP0009 is not set: FILE GLOB_RECURSE calls should not follow
[0.046s]   symlinks by default.  Run "cmake --help-policy CMP0009" for policy details.
[0.046s]   Use the cmake_policy command to set the policy and suppress this warning.
[0.046s] Call Stack (most recent call first):
[0.046s]   ament_cmake_symlink_install/ament_cmake_symlink_install.cmake:314 (ament_cmake_symlink_install_directory)
[0.046s]   cmake_install.cmake:46 (include)
[0.046s] This warning is for project developers.  Use -Wno-dev to suppress it.
[0.046s] [0m
[0.046s] -- Up-to-date symlink: /home/ntu-user/ros2_ws/install/simple_robot_description/share/simple_robot_description/launch/build/.built_by
[0.046s] -- Up-to-date symlink: /home/ntu-user/ros2_ws/install/simple_robot_description/share/simple_robot_description/launch/build/COLCON_IGNORE
[0.046s] -- Up-to-date symlink: /home/ntu-user/ros2_ws/install/simple_robot_description/share/simple_robot_description/launch/display.launch.py
[0.046s] -- Up-to-date symlink: /home/ntu-user/ros2_ws/install/simple_robot_description/share/simple_robot_description/launch/gazebo.launch.py
[0.046s] -- Up-to-date symlink: /home/ntu-user/ros2_ws/install/simple_robot_description/share/simple_robot_description/launch/include/markers.launch.py
[0.046s] -- Up-to-date symlink: /home/ntu-user/ros2_ws/install/simple_robot_description/share/simple_robot_description/launch/include/robot_state_publisher.launch.py
[0.046s] -- Up-to-date symlink: /home/ntu-user/ros2_ws/install/simple_robot_description/share/simple_robot_description/launch/include/rviz.launch.py
[0.046s] -- Up-to-date symlink: /home/ntu-user/ros2_ws/install/simple_robot_description/share/simple_robot_description/launch/include/teleop.launch.py
[0.046s] -- Up-to-date symlink: /home/ntu-user/ros2_ws/install/simple_robot_description/share/simple_robot_description/launch/include/transforms.launch.py
[0.046s] -- Up-to-date symlink: /home/ntu-user/ros2_ws/install/simple_robot_description/share/simple_robot_description/launch/install/.colcon_install_layout
[0.047s] -- Up-to-date symlink: /home/ntu-user/ros2_ws/install/simple_robot_description/share/simple_robot_description/launch/install/COLCON_IGNORE
[0.047s] -- Up-to-date symlink: /home/ntu-user/ros2_ws/install/simple_robot_description/share/simple_robot_description/launch/install/_local_setup_util_ps1.py
[0.047s] -- Up-to-date symlink: /home/ntu-user/ros2_ws/install/simple_robot_description/share/simple_robot_description/launch/install/_local_setup_util_sh.py
[0.047s] -- Up-to-date symlink: /home/ntu-user/ros2_ws/install/simple_robot_description/share/simple_robot_description/launch/install/local_setup.bash
[0.047s] -- Up-to-date symlink: /home/ntu-user/ros2_ws/install/simple_robot_description/share/simple_robot_description/launch/install/local_setup.ps1
[0.047s] -- Up-to-date symlink: /home/ntu-user/ros2_ws/install/simple_robot_description/share/simple_robot_description/launch/install/local_setup.sh
[0.047s] -- Up-to-date symlink: /home/ntu-user/ros2_ws/install/simple_robot_description/share/simple_robot_description/launch/install/local_setup.zsh
[0.047s] -- Up-to-date symlink: /home/ntu-user/ros2_ws/install/simple_robot_description/share/simple_robot_description/launch/install/setup.bash
[0.047s] -- Up-to-date symlink: /home/ntu-user/ros2_ws/install/simple_robot_description/share/simple_robot_description/launch/install/setup.ps1
[0.047s] -- Up-to-date symlink: /home/ntu-user/ros2_ws/install/simple_robot_description/share/simple_robot_description/launch/install/setup.sh
[0.047s] -- Up-to-date symlink: /home/ntu-user/ros2_ws/install/simple_robot_description/share/simple_robot_description/launch/install/setup.zsh
[0.047s] -- Up-to-date symlink: /home/ntu-user/ros2_ws/install/simple_robot_description/share/simple_robot_description/launch/log/COLCON_IGNORE
[0.047s] -- Up-to-date symlink: /home/ntu-user/ros2_ws/install/simple_robot_description/share/simple_robot_description/launch/log/build_2025-11-17_15-48-21/events.log
[0.047s] -- Up-to-date symlink: /home/ntu-user/ros2_ws/install/simple_robot_description/share/simple_robot_description/launch/log/build_2025-11-17_15-48-21/logger_all.log
[0.047s] -- Up-to-date symlink: /home/ntu-user/ros2_ws/install/simple_robot_description/share/simple_robot_description/launch/log/latest/events.log
[0.047s] -- Up-to-date symlink: /home/ntu-user/ros2_ws/install/simple_robot_description/share/simple_robot_description/launch/log/latest/logger_all.log
[0.047s] -- Up-to-date symlink: /home/ntu-user/ros2_ws/install/simple_robot_description/share/simple_robot_description/launch/log/latest_build/events.log
[0.047s] -- Up-to-date symlink: /home/ntu-user/ros2_ws/install/simple_robot_description/share/simple_robot_description/launch/log/latest_build/logger_all.log
[0.047s] -- Up-to-date symlink: /home/ntu-user/ros2_ws/install/simple_robot_description/share/simple_robot_description/launch/robot_complete.launch.py
[0.047s] -- Up-to-date symlink: /home/ntu-user/ros2_ws/install/simple_robot_description/share/simple_robot_description/rviz/urdf_config.rviz
[0.047s] -- Up-to-date symlink: /home/ntu-user/ros2_ws/install/simple_robot_description/share/simple_robot_description/config/gz_bridge.yaml
[0.047s] [31mCMake Error at ament_cmake_symlink_install/ament_cmake_symlink_install.cmake:204 (message):
[0.047s]   ament_cmake_symlink_install_programs() can't find
[0.047s]   '/home/ntu-user/ros2_ws/src/simple_robot_description/scripts/static_transform_publisher.py'
[0.047s] Call Stack (most recent call first):
[0.047s]   ament_cmake_symlink_install/ament_cmake_symlink_install.cmake:317 (ament_cmake_symlink_install_programs)
[0.047s]   cmake_install.cmake:46 (include)
[0.047s] 
[0.047s] [0m
[0.048s] -- Up-to-date symlink: /home/ntu-user/ros2_ws/install/simple_robot_description/share/simple_robot_description/worlds/diff_drive/diff_drive.sdf
[0.048s] Invoked command in '/home/ntu-user/ros2_ws/build/simple_robot_description' returned '1': CMAKE_PREFIX_PATH=${CMAKE_PREFIX_PATH}:/opt/ros/humble /usr/bin/cmake --install /home/ntu-user/ros2_ws/build/simple_robot_description
