[0.279s] DEBUG:colcon:Command line arguments: ['/usr/bin/colcon', 'build', '--symlink-install']
[0.279s] DEBUG:colcon:Parsed command line arguments: Namespace(log_base=None, log_level=None, verb_name='build', build_base='build', install_base='install', merge_install=False, symlink_install=True, test_result_base=None, continue_on_error=False, executor='parallel', parallel_workers=10, event_handlers=None, ignore_user_meta=False, metas=['./colcon.meta'], base_paths=['.'], packages_ignore=None, packages_ignore_regex=None, paths=None, packages_up_to=None, packages_up_to_regex=None, packages_above=None, packages_above_and_dependencies=None, packages_above_depth=None, packages_select_by_dep=None, packages_skip_by_dep=None, packages_skip_up_to=None, packages_select_build_failed=False, packages_skip_build_finished=False, packages_select_test_failures=False, packages_skip_test_passed=False, packages_select=None, packages_skip=None, packages_select_regex=None, packages_skip_regex=None, packages_start=None, packages_end=None, cmake_args=None, cmake_target=None, cmake_target_skip_unavailable=False, cmake_clean_cache=False, cmake_clean_first=False, cmake_force_configure=False, ament_cmake_args=None, catkin_cmake_args=None, catkin_skip_building_tests=False, verb_parser=<colcon_defaults.argument_parser.defaults.DefaultArgumentsDecorator object at 0xffff840814b0>, verb_extension=<colcon_core.verb.build.BuildVerb object at 0xffff842ff910>, main=<bound method BuildVerb.main of <colcon_core.verb.build.BuildVerb object at 0xffff842ff910>>)
[0.294s] Level 1:colcon.colcon_core.package_discovery:discover_packages(colcon_meta) check parameters
[0.294s] Level 1:colcon.colcon_core.package_discovery:discover_packages(recursive) check parameters
[0.294s] Level 1:colcon.colcon_core.package_discovery:discover_packages(ignore) check parameters
[0.294s] Level 1:colcon.colcon_core.package_discovery:discover_packages(path) check parameters
[0.294s] Level 1:colcon.colcon_core.package_discovery:discover_packages(colcon_meta) discover
[0.294s] Level 1:colcon.colcon_core.package_discovery:discover_packages(recursive) discover
[0.294s] INFO:colcon.colcon_core.package_discovery:Crawling recursively for packages in '/home/ntu-user/ros2_ws'
[0.294s] Level 1:colcon.colcon_core.package_identification:_identify(.) by extensions ['ignore', 'ignore_ament_install']
[0.294s] Level 1:colcon.colcon_core.package_identification:_identify(.) by extension 'ignore'
[0.294s] Level 1:colcon.colcon_core.package_identification:_identify(.) by extension 'ignore_ament_install'
[0.294s] Level 1:colcon.colcon_core.package_identification:_identify(.) by extensions ['colcon_pkg']
[0.294s] Level 1:colcon.colcon_core.package_identification:_identify(.) by extension 'colcon_pkg'
[0.294s] Level 1:colcon.colcon_core.package_identification:_identify(.) by extensions ['colcon_meta']
[0.294s] Level 1:colcon.colcon_core.package_identification:_identify(.) by extension 'colcon_meta'
[0.294s] Level 1:colcon.colcon_core.package_identification:_identify(.) by extensions ['ros']
[0.294s] Level 1:colcon.colcon_core.package_identification:_identify(.) by extension 'ros'
[0.300s] Level 1:colcon.colcon_core.package_identification:_identify(.) by extensions ['cmake', 'python']
[0.300s] Level 1:colcon.colcon_core.package_identification:_identify(.) by extension 'cmake'
[0.300s] Level 1:colcon.colcon_core.package_identification:_identify(.) by extension 'python'
[0.300s] Level 1:colcon.colcon_core.package_identification:_identify(.) by extensions ['python_setup_py']
[0.300s] Level 1:colcon.colcon_core.package_identification:_identify(.) by extension 'python_setup_py'
[0.300s] Level 1:colcon.colcon_core.package_identification:_identify(build) by extensions ['ignore', 'ignore_ament_install']
[0.300s] Level 1:colcon.colcon_core.package_identification:_identify(build) by extension 'ignore'
[0.300s] Level 1:colcon.colcon_core.package_identification:_identify(build) ignored
[0.300s] Level 1:colcon.colcon_core.package_identification:_identify(install) by extensions ['ignore', 'ignore_ament_install']
[0.300s] Level 1:colcon.colcon_core.package_identification:_identify(install) by extension 'ignore'
[0.300s] Level 1:colcon.colcon_core.package_identification:_identify(install) ignored
[0.300s] Level 1:colcon.colcon_core.package_identification:_identify(log) by extensions ['ignore', 'ignore_ament_install']
[0.300s] Level 1:colcon.colcon_core.package_identification:_identify(log) by extension 'ignore'
[0.300s] Level 1:colcon.colcon_core.package_identification:_identify(log) ignored
[0.300s] Level 1:colcon.colcon_core.package_identification:_identify(src) by extensions ['ignore', 'ignore_ament_install']
[0.300s] Level 1:colcon.colcon_core.package_identification:_identify(src) by extension 'ignore'
[0.300s] Level 1:colcon.colcon_core.package_identification:_identify(src) by extension 'ignore_ament_install'
[0.300s] Level 1:colcon.colcon_core.package_identification:_identify(src) by extensions ['colcon_pkg']
[0.300s] Level 1:colcon.colcon_core.package_identification:_identify(src) by extension 'colcon_pkg'
[0.300s] Level 1:colcon.colcon_core.package_identification:_identify(src) by extensions ['colcon_meta']
[0.300s] Level 1:colcon.colcon_core.package_identification:_identify(src) by extension 'colcon_meta'
[0.300s] Level 1:colcon.colcon_core.package_identification:_identify(src) by extensions ['ros']
[0.300s] Level 1:colcon.colcon_core.package_identification:_identify(src) by extension 'ros'
[0.300s] Level 1:colcon.colcon_core.package_identification:_identify(src) by extensions ['cmake', 'python']
[0.300s] Level 1:colcon.colcon_core.package_identification:_identify(src) by extension 'cmake'
[0.300s] Level 1:colcon.colcon_core.package_identification:_identify(src) by extension 'python'
[0.300s] Level 1:colcon.colcon_core.package_identification:_identify(src) by extensions ['python_setup_py']
[0.300s] Level 1:colcon.colcon_core.package_identification:_identify(src) by extension 'python_setup_py'
[0.300s] Level 1:colcon.colcon_core.package_identification:_identify(src/my_robot) by extensions ['ignore', 'ignore_ament_install']
[0.300s] Level 1:colcon.colcon_core.package_identification:_identify(src/my_robot) by extension 'ignore'
[0.300s] Level 1:colcon.colcon_core.package_identification:_identify(src/my_robot) by extension 'ignore_ament_install'
[0.300s] Level 1:colcon.colcon_core.package_identification:_identify(src/my_robot) by extensions ['colcon_pkg']
[0.300s] Level 1:colcon.colcon_core.package_identification:_identify(src/my_robot) by extension 'colcon_pkg'
[0.300s] Level 1:colcon.colcon_core.package_identification:_identify(src/my_robot) by extensions ['colcon_meta']
[0.300s] Level 1:colcon.colcon_core.package_identification:_identify(src/my_robot) by extension 'colcon_meta'
[0.300s] Level 1:colcon.colcon_core.package_identification:_identify(src/my_robot) by extensions ['ros']
[0.300s] Level 1:colcon.colcon_core.package_identification:_identify(src/my_robot) by extension 'ros'
[0.302s] DEBUG:colcon.colcon_core.package_identification:Package 'src/my_robot' with type 'ros.ament_cmake' and name 'my_robot'
[0.302s] Level 1:colcon.colcon_core.package_identification:_identify(src/ntu_robotsim_nav2) by extensions ['ignore', 'ignore_ament_install']
[0.302s] Level 1:colcon.colcon_core.package_identification:_identify(src/ntu_robotsim_nav2) by extension 'ignore'
[0.302s] Level 1:colcon.colcon_core.package_identification:_identify(src/ntu_robotsim_nav2) by extension 'ignore_ament_install'
[0.302s] Level 1:colcon.colcon_core.package_identification:_identify(src/ntu_robotsim_nav2) by extensions ['colcon_pkg']
[0.302s] Level 1:colcon.colcon_core.package_identification:_identify(src/ntu_robotsim_nav2) by extension 'colcon_pkg'
[0.302s] Level 1:colcon.colcon_core.package_identification:_identify(src/ntu_robotsim_nav2) by extensions ['colcon_meta']
[0.302s] Level 1:colcon.colcon_core.package_identification:_identify(src/ntu_robotsim_nav2) by extension 'colcon_meta'
[0.302s] Level 1:colcon.colcon_core.package_identification:_identify(src/ntu_robotsim_nav2) by extensions ['ros']
[0.302s] Level 1:colcon.colcon_core.package_identification:_identify(src/ntu_robotsim_nav2) by extension 'ros'
[0.302s] Level 1:colcon.colcon_core.package_identification:_identify(src/ntu_robotsim_nav2) by extensions ['cmake', 'python']
[0.302s] Level 1:colcon.colcon_core.package_identification:_identify(src/ntu_robotsim_nav2) by extension 'cmake'
[0.302s] Level 1:colcon.colcon_core.package_identification:_identify(src/ntu_robotsim_nav2) by extension 'python'
[0.302s] Level 1:colcon.colcon_core.package_identification:_identify(src/ntu_robotsim_nav2) by extensions ['python_setup_py']
[0.302s] Level 1:colcon.colcon_core.package_identification:_identify(src/ntu_robotsim_nav2) by extension 'python_setup_py'
[0.302s] Level 1:colcon.colcon_core.package_identification:_identify(src/ntu_robotsim_nav2/ntu_robotsim) by extensions ['ignore', 'ignore_ament_install']
[0.302s] Level 1:colcon.colcon_core.package_identification:_identify(src/ntu_robotsim_nav2/ntu_robotsim) by extension 'ignore'
[0.302s] Level 1:colcon.colcon_core.package_identification:_identify(src/ntu_robotsim_nav2/ntu_robotsim) by extension 'ignore_ament_install'
[0.302s] Level 1:colcon.colcon_core.package_identification:_identify(src/ntu_robotsim_nav2/ntu_robotsim) by extensions ['colcon_pkg']
[0.302s] Level 1:colcon.colcon_core.package_identification:_identify(src/ntu_robotsim_nav2/ntu_robotsim) by extension 'colcon_pkg'
[0.302s] Level 1:colcon.colcon_core.package_identification:_identify(src/ntu_robotsim_nav2/ntu_robotsim) by extensions ['colcon_meta']
[0.302s] Level 1:colcon.colcon_core.package_identification:_identify(src/ntu_robotsim_nav2/ntu_robotsim) by extension 'colcon_meta'
[0.302s] Level 1:colcon.colcon_core.package_identification:_identify(src/ntu_robotsim_nav2/ntu_robotsim) by extensions ['ros']
[0.302s] Level 1:colcon.colcon_core.package_identification:_identify(src/ntu_robotsim_nav2/ntu_robotsim) by extension 'ros'
[0.302s] DEBUG:colcon.colcon_core.package_identification:Package 'src/ntu_robotsim_nav2/ntu_robotsim' with type 'ros.ament_cmake' and name 'ntu_robotsim'
[0.302s] Level 1:colcon.colcon_core.package_identification:_identify(src/simple_robot_description) by extensions ['ignore', 'ignore_ament_install']
[0.302s] Level 1:colcon.colcon_core.package_identification:_identify(src/simple_robot_description) by extension 'ignore'
[0.302s] Level 1:colcon.colcon_core.package_identification:_identify(src/simple_robot_description) by extension 'ignore_ament_install'
[0.302s] Level 1:colcon.colcon_core.package_identification:_identify(src/simple_robot_description) by extensions ['colcon_pkg']
[0.302s] Level 1:colcon.colcon_core.package_identification:_identify(src/simple_robot_description) by extension 'colcon_pkg'
[0.302s] Level 1:colcon.colcon_core.package_identification:_identify(src/simple_robot_description) by extensions ['colcon_meta']
[0.302s] Level 1:colcon.colcon_core.package_identification:_identify(src/simple_robot_description) by extension 'colcon_meta'
[0.302s] Level 1:colcon.colcon_core.package_identification:_identify(src/simple_robot_description) by extensions ['ros']
[0.302s] Level 1:colcon.colcon_core.package_identification:_identify(src/simple_robot_description) by extension 'ros'
[0.303s] DEBUG:colcon.colcon_core.package_identification:Package 'src/simple_robot_description' with type 'ros.ament_cmake' and name 'simple_robot_description'
[0.303s] Level 1:colcon.colcon_core.package_discovery:discover_packages(recursive) using defaults
[0.303s] Level 1:colcon.colcon_core.package_discovery:discover_packages(ignore) discover
[0.303s] Level 1:colcon.colcon_core.package_discovery:discover_packages(ignore) using defaults
[0.303s] Level 1:colcon.colcon_core.package_discovery:discover_packages(path) discover
[0.303s] Level 1:colcon.colcon_core.package_discovery:discover_packages(path) using defaults
[0.326s] Level 5:colcon.colcon_core.verb:set package 'my_robot' build argument 'cmake_args' from command line to 'None'
[0.326s] Level 5:colcon.colcon_core.verb:set package 'my_robot' build argument 'cmake_target' from command line to 'None'
[0.326s] Level 5:colcon.colcon_core.verb:set package 'my_robot' build argument 'cmake_target_skip_unavailable' from command line to 'False'
[0.326s] Level 5:colcon.colcon_core.verb:set package 'my_robot' build argument 'cmake_clean_cache' from command line to 'False'
[0.326s] Level 5:colcon.colcon_core.verb:set package 'my_robot' build argument 'cmake_clean_first' from command line to 'False'
[0.326s] Level 5:colcon.colcon_core.verb:set package 'my_robot' build argument 'cmake_force_configure' from command line to 'False'
[0.326s] Level 5:colcon.colcon_core.verb:set package 'my_robot' build argument 'ament_cmake_args' from command line to 'None'
[0.326s] Level 5:colcon.colcon_core.verb:set package 'my_robot' build argument 'catkin_cmake_args' from command line to 'None'
[0.326s] Level 5:colcon.colcon_core.verb:set package 'my_robot' build argument 'catkin_skip_building_tests' from command line to 'False'
[0.326s] DEBUG:colcon.colcon_core.verb:Building package 'my_robot' with the following arguments: {'ament_cmake_args': None, 'build_base': '/home/ntu-user/ros2_ws/build/my_robot', 'catkin_cmake_args': None, 'catkin_skip_building_tests': False, 'cmake_args': None, 'cmake_clean_cache': False, 'cmake_clean_first': False, 'cmake_force_configure': False, 'cmake_target': None, 'cmake_target_skip_unavailable': False, 'install_base': '/home/ntu-user/ros2_ws/install/my_robot', 'merge_install': False, 'path': '/home/ntu-user/ros2_ws/src/my_robot', 'symlink_install': True, 'test_result_base': None}
[0.329s] Level 5:colcon.colcon_core.verb:set package 'ntu_robotsim' build argument 'cmake_args' from command line to 'None'
[0.329s] Level 5:colcon.colcon_core.verb:set package 'ntu_robotsim' build argument 'cmake_target' from command line to 'None'
[0.329s] Level 5:colcon.colcon_core.verb:set package 'ntu_robotsim' build argument 'cmake_target_skip_unavailable' from command line to 'False'
[0.329s] Level 5:colcon.colcon_core.verb:set package 'ntu_robotsim' build argument 'cmake_clean_cache' from command line to 'False'
[0.329s] Level 5:colcon.colcon_core.verb:set package 'ntu_robotsim' build argument 'cmake_clean_first' from command line to 'False'
[0.329s] Level 5:colcon.colcon_core.verb:set package 'ntu_robotsim' build argument 'cmake_force_configure' from command line to 'False'
[0.329s] Level 5:colcon.colcon_core.verb:set package 'ntu_robotsim' build argument 'ament_cmake_args' from command line to 'None'
[0.329s] Level 5:colcon.colcon_core.verb:set package 'ntu_robotsim' build argument 'catkin_cmake_args' from command line to 'None'
[0.329s] Level 5:colcon.colcon_core.verb:set package 'ntu_robotsim' build argument 'catkin_skip_building_tests' from command line to 'False'
[0.329s] DEBUG:colcon.colcon_core.verb:Building package 'ntu_robotsim' with the following arguments: {'ament_cmake_args': None, 'build_base': '/home/ntu-user/ros2_ws/build/ntu_robotsim', 'catkin_cmake_args': None, 'catkin_skip_building_tests': False, 'cmake_args': None, 'cmake_clean_cache': False, 'cmake_clean_first': False, 'cmake_force_configure': False, 'cmake_target': None, 'cmake_target_skip_unavailable': False, 'install_base': '/home/ntu-user/ros2_ws/install/ntu_robotsim', 'merge_install': False, 'path': '/home/ntu-user/ros2_ws/src/ntu_robotsim_nav2/ntu_robotsim', 'symlink_install': True, 'test_result_base': None}
[0.333s] Level 5:colcon.colcon_core.verb:set package 'simple_robot_description' build argument 'cmake_args' from command line to 'None'
[0.333s] Level 5:colcon.colcon_core.verb:set package 'simple_robot_description' build argument 'cmake_target' from command line to 'None'
[0.333s] Level 5:colcon.colcon_core.verb:set package 'simple_robot_description' build argument 'cmake_target_skip_unavailable' from command line to 'False'
[0.333s] Level 5:colcon.colcon_core.verb:set package 'simple_robot_description' build argument 'cmake_clean_cache' from command line to 'False'
[0.333s] Level 5:colcon.colcon_core.verb:set package 'simple_robot_description' build argument 'cmake_clean_first' from command line to 'False'
[0.333s] Level 5:colcon.colcon_core.verb:set package 'simple_robot_description' build argument 'cmake_force_configure' from command line to 'False'
[0.333s] Level 5:colcon.colcon_core.verb:set package 'simple_robot_description' build argument 'ament_cmake_args' from command line to 'None'
[0.333s] Level 5:colcon.colcon_core.verb:set package 'simple_robot_description' build argument 'catkin_cmake_args' from command line to 'None'
[0.333s] Level 5:colcon.colcon_core.verb:set package 'simple_robot_description' build argument 'catkin_skip_building_tests' from command line to 'False'
[0.333s] DEBUG:colcon.colcon_core.verb:Building package 'simple_robot_description' with the following arguments: {'ament_cmake_args': None, 'build_base': '/home/ntu-user/ros2_ws/build/simple_robot_description', 'catkin_cmake_args': None, 'catkin_skip_building_tests': False, 'cmake_args': None, 'cmake_clean_cache': False, 'cmake_clean_first': False, 'cmake_force_configure': False, 'cmake_target': None, 'cmake_target_skip_unavailable': False, 'install_base': '/home/ntu-user/ros2_ws/install/simple_robot_description', 'merge_install': False, 'path': '/home/ntu-user/ros2_ws/src/simple_robot_description', 'symlink_install': True, 'test_result_base': None}
[0.337s] INFO:colcon.colcon_core.executor:Executing jobs using 'parallel' executor
[0.341s] DEBUG:colcon.colcon_parallel_executor.executor.parallel:run_until_complete
[0.341s] INFO:colcon.colcon_ros.task.ament_cmake.build:Building ROS package in '/home/ntu-user/ros2_ws/src/my_robot' with build type 'ament_cmake'
[0.341s] INFO:colcon.colcon_cmake.task.cmake.build:Building CMake package in '/home/ntu-user/ros2_ws/src/my_robot'
[0.345s] INFO:colcon.colcon_core.plugin_system:Skipping extension 'colcon_core.shell.bat': Not used on non-Windows systems
[0.345s] INFO:colcon.colcon_core.shell:Skip shell extension 'powershell' for command environment: Not usable outside of PowerShell
[0.345s] DEBUG:colcon.colcon_core.shell:Skip shell extension 'dsv' for command environment
[0.358s] INFO:colcon.colcon_ros.task.ament_cmake.build:Building ROS package in '/home/ntu-user/ros2_ws/src/ntu_robotsim_nav2/ntu_robotsim' with build type 'ament_cmake'
[0.358s] INFO:colcon.colcon_cmake.task.cmake.build:Building CMake package in '/home/ntu-user/ros2_ws/src/ntu_robotsim_nav2/ntu_robotsim'
[0.362s] INFO:colcon.colcon_core.shell:Skip shell extension 'powershell' for command environment: Not usable outside of PowerShell
[0.362s] DEBUG:colcon.colcon_core.shell:Skip shell extension 'dsv' for command environment
[0.374s] INFO:colcon.colcon_ros.task.ament_cmake.build:Building ROS package in '/home/ntu-user/ros2_ws/src/simple_robot_description' with build type 'ament_cmake'
[0.374s] INFO:colcon.colcon_cmake.task.cmake.build:Building CMake package in '/home/ntu-user/ros2_ws/src/simple_robot_description'
[0.378s] INFO:colcon.colcon_core.shell:Skip shell extension 'powershell' for command environment: Not usable outside of PowerShell
[0.378s] DEBUG:colcon.colcon_core.shell:Skip shell extension 'dsv' for command environment
[0.393s] DEBUG:colcon.colcon_core.event_handler.log_command:Invoking command in '/home/ntu-user/ros2_ws/build/my_robot': CMAKE_PREFIX_PATH=${CMAKE_PREFIX_PATH}:/opt/ros/humble /usr/bin/cmake --build /home/ntu-user/ros2_ws/build/my_robot -- -j10 -l10
[0.395s] DEBUG:colcon.colcon_core.event_handler.log_command:Invoking command in '/home/ntu-user/ros2_ws/build/ntu_robotsim': CMAKE_PREFIX_PATH=${CMAKE_PREFIX_PATH}:/opt/ros/humble /usr/bin/cmake --build /home/ntu-user/ros2_ws/build/ntu_robotsim -- -j10 -l10
[0.398s] DEBUG:colcon.colcon_core.event_handler.log_command:Invoking command in '/home/ntu-user/ros2_ws/build/simple_robot_description': CMAKE_PREFIX_PATH=${CMAKE_PREFIX_PATH}:/opt/ros/humble /usr/bin/cmake --build /home/ntu-user/ros2_ws/build/simple_robot_description -- -j10 -l10
[0.411s] DEBUG:colcon.colcon_core.event_handler.log_command:Invoked command in '/home/ntu-user/ros2_ws/build/my_robot' returned '0': CMAKE_PREFIX_PATH=${CMAKE_PREFIX_PATH}:/opt/ros/humble /usr/bin/cmake --build /home/ntu-user/ros2_ws/build/my_robot -- -j10 -l10
[0.411s] DEBUG:colcon.colcon_core.event_handler.log_command:Invoked command in '/home/ntu-user/ros2_ws/build/ntu_robotsim' returned '0': CMAKE_PREFIX_PATH=${CMAKE_PREFIX_PATH}:/opt/ros/humble /usr/bin/cmake --build /home/ntu-user/ros2_ws/build/ntu_robotsim -- -j10 -l10
[0.412s] DEBUG:colcon.colcon_core.event_handler.log_command:Invoked command in '/home/ntu-user/ros2_ws/build/simple_robot_description' returned '0': CMAKE_PREFIX_PATH=${CMAKE_PREFIX_PATH}:/opt/ros/humble /usr/bin/cmake --build /home/ntu-user/ros2_ws/build/simple_robot_description -- -j10 -l10
[0.422s] DEBUG:colcon.colcon_core.event_handler.log_command:Invoking command in '/home/ntu-user/ros2_ws/build/my_robot': CMAKE_PREFIX_PATH=${CMAKE_PREFIX_PATH}:/opt/ros/humble /usr/bin/cmake --install /home/ntu-user/ros2_ws/build/my_robot
[0.423s] DEBUG:colcon.colcon_core.event_handler.log_command:Invoking command in '/home/ntu-user/ros2_ws/build/ntu_robotsim': CMAKE_PREFIX_PATH=${CMAKE_PREFIX_PATH}:/opt/ros/humble /usr/bin/cmake --install /home/ntu-user/ros2_ws/build/ntu_robotsim
[0.424s] DEBUG:colcon.colcon_core.event_handler.log_command:Invoking command in '/home/ntu-user/ros2_ws/build/simple_robot_description': CMAKE_PREFIX_PATH=${CMAKE_PREFIX_PATH}:/opt/ros/humble /usr/bin/cmake --install /home/ntu-user/ros2_ws/build/simple_robot_description
[0.430s] Level 1:colcon.colcon_core.environment:create_environment_scripts_only(my_robot)
[0.435s] DEBUG:colcon.colcon_core.event_handler.log_command:Invoked command in '/home/ntu-user/ros2_ws/build/my_robot' returned '0': CMAKE_PREFIX_PATH=${CMAKE_PREFIX_PATH}:/opt/ros/humble /usr/bin/cmake --install /home/ntu-user/ros2_ws/build/my_robot
[0.440s] Level 1:colcon.colcon_core.environment:checking '/home/ntu-user/ros2_ws/install/my_robot' for CMake module files
[0.440s] Level 1:colcon.colcon_core.environment:checking '/home/ntu-user/ros2_ws/install/my_robot' for CMake config files
[0.440s] Level 1:colcon.colcon_core.shell:create_environment_hook('my_robot', 'cmake_prefix_path')
[0.444s] INFO:colcon.colcon_core.shell:Creating environment hook '/home/ntu-user/ros2_ws/install/my_robot/share/my_robot/hook/cmake_prefix_path.ps1'
[0.444s] INFO:colcon.colcon_core.shell:Creating environment descriptor '/home/ntu-user/ros2_ws/install/my_robot/share/my_robot/hook/cmake_prefix_path.dsv'
[0.444s] INFO:colcon.colcon_core.shell:Creating environment hook '/home/ntu-user/ros2_ws/install/my_robot/share/my_robot/hook/cmake_prefix_path.sh'
[0.445s] Level 1:colcon.colcon_core.environment:checking '/home/ntu-user/ros2_ws/install/my_robot/bin'
[0.445s] Level 1:colcon.colcon_core.environment:checking '/home/ntu-user/ros2_ws/install/my_robot/lib/pkgconfig/my_robot.pc'
[0.446s] Level 1:colcon.colcon_core.environment:checking '/home/ntu-user/ros2_ws/install/my_robot/lib/python3.10/site-packages'
[0.446s] Level 1:colcon.colcon_core.environment:checking '/home/ntu-user/ros2_ws/install/my_robot/bin'
[0.449s] INFO:colcon.colcon_core.shell:Creating package script '/home/ntu-user/ros2_ws/install/my_robot/share/my_robot/package.ps1'
[0.450s] INFO:colcon.colcon_core.shell:Creating package descriptor '/home/ntu-user/ros2_ws/install/my_robot/share/my_robot/package.dsv'
[0.450s] INFO:colcon.colcon_core.shell:Creating package script '/home/ntu-user/ros2_ws/install/my_robot/share/my_robot/package.sh'
[0.450s] INFO:colcon.colcon_core.shell:Creating package script '/home/ntu-user/ros2_ws/install/my_robot/share/my_robot/package.bash'
[0.450s] INFO:colcon.colcon_core.shell:Creating package script '/home/ntu-user/ros2_ws/install/my_robot/share/my_robot/package.zsh'
[0.451s] Level 1:colcon.colcon_core.environment:create_file_with_runtime_dependencies(/home/ntu-user/ros2_ws/install/my_robot/share/colcon-core/packages/my_robot)
[0.452s] Level 1:colcon.colcon_core.environment:create_environment_scripts_only(ntu_robotsim)
[0.452s] DEBUG:colcon.colcon_core.event_handler.log_command:Invoked command in '/home/ntu-user/ros2_ws/build/ntu_robotsim' returned '0': CMAKE_PREFIX_PATH=${CMAKE_PREFIX_PATH}:/opt/ros/humble /usr/bin/cmake --install /home/ntu-user/ros2_ws/build/ntu_robotsim
[0.456s] Level 1:colcon.colcon_core.environment:checking '/home/ntu-user/ros2_ws/install/ntu_robotsim' for CMake module files
[0.456s] Level 1:colcon.colcon_core.environment:checking '/home/ntu-user/ros2_ws/install/ntu_robotsim' for CMake config files
[0.456s] Level 1:colcon.colcon_core.shell:create_environment_hook('ntu_robotsim', 'cmake_prefix_path')
[0.460s] INFO:colcon.colcon_core.shell:Creating environment hook '/home/ntu-user/ros2_ws/install/ntu_robotsim/share/ntu_robotsim/hook/cmake_prefix_path.ps1'
[0.461s] INFO:colcon.colcon_core.shell:Creating environment descriptor '/home/ntu-user/ros2_ws/install/ntu_robotsim/share/ntu_robotsim/hook/cmake_prefix_path.dsv'
[0.461s] INFO:colcon.colcon_core.shell:Creating environment hook '/home/ntu-user/ros2_ws/install/ntu_robotsim/share/ntu_robotsim/hook/cmake_prefix_path.sh'
[0.461s] Level 1:colcon.colcon_core.environment:checking '/home/ntu-user/ros2_ws/install/ntu_robotsim/lib'
[0.461s] Level 1:colcon.colcon_core.environment:checking '/home/ntu-user/ros2_ws/install/ntu_robotsim/bin'
[0.461s] Level 1:colcon.colcon_core.environment:checking '/home/ntu-user/ros2_ws/install/ntu_robotsim/lib/pkgconfig/ntu_robotsim.pc'
[0.461s] Level 1:colcon.colcon_core.environment:checking '/home/ntu-user/ros2_ws/install/ntu_robotsim/lib/python3.10/site-packages'
[0.461s] Level 1:colcon.colcon_core.environment:checking '/home/ntu-user/ros2_ws/install/ntu_robotsim/bin'
[0.465s] INFO:colcon.colcon_core.shell:Creating package script '/home/ntu-user/ros2_ws/install/ntu_robotsim/share/ntu_robotsim/package.ps1'
[0.465s] INFO:colcon.colcon_core.shell:Creating package descriptor '/home/ntu-user/ros2_ws/install/ntu_robotsim/share/ntu_robotsim/package.dsv'
[0.465s] INFO:colcon.colcon_core.shell:Creating package script '/home/ntu-user/ros2_ws/install/ntu_robotsim/share/ntu_robotsim/package.sh'
[0.465s] INFO:colcon.colcon_core.shell:Creating package script '/home/ntu-user/ros2_ws/install/ntu_robotsim/share/ntu_robotsim/package.bash'
[0.465s] INFO:colcon.colcon_core.shell:Creating package script '/home/ntu-user/ros2_ws/install/ntu_robotsim/share/ntu_robotsim/package.zsh'
[0.465s] Level 1:colcon.colcon_core.environment:create_file_with_runtime_dependencies(/home/ntu-user/ros2_ws/install/ntu_robotsim/share/colcon-core/packages/ntu_robotsim)
[0.466s] Level 1:colcon.colcon_core.environment:create_environment_scripts_only(simple_robot_description)
[0.466s] DEBUG:colcon.colcon_core.event_handler.log_command:Invoked command in '/home/ntu-user/ros2_ws/build/simple_robot_description' returned '0': CMAKE_PREFIX_PATH=${CMAKE_PREFIX_PATH}:/opt/ros/humble /usr/bin/cmake --install /home/ntu-user/ros2_ws/build/simple_robot_description
[0.470s] Level 1:colcon.colcon_core.environment:checking '/home/ntu-user/ros2_ws/install/simple_robot_description' for CMake module files
[0.470s] Level 1:colcon.colcon_core.environment:checking '/home/ntu-user/ros2_ws/install/simple_robot_description' for CMake config files
[0.470s] Level 1:colcon.colcon_core.shell:create_environment_hook('simple_robot_description', 'cmake_prefix_path')
[0.474s] INFO:colcon.colcon_core.shell:Creating environment hook '/home/ntu-user/ros2_ws/install/simple_robot_description/share/simple_robot_description/hook/cmake_prefix_path.ps1'
[0.475s] INFO:colcon.colcon_core.shell:Creating environment descriptor '/home/ntu-user/ros2_ws/install/simple_robot_description/share/simple_robot_description/hook/cmake_prefix_path.dsv'
[0.475s] INFO:colcon.colcon_core.shell:Creating environment hook '/home/ntu-user/ros2_ws/install/simple_robot_description/share/simple_robot_description/hook/cmake_prefix_path.sh'
[0.475s] Level 1:colcon.colcon_core.environment:checking '/home/ntu-user/ros2_ws/install/simple_robot_description/lib'
[0.475s] Level 1:colcon.colcon_core.environment:checking '/home/ntu-user/ros2_ws/install/simple_robot_description/bin'
[0.475s] Level 1:colcon.colcon_core.environment:checking '/home/ntu-user/ros2_ws/install/simple_robot_description/lib/pkgconfig/simple_robot_description.pc'
[0.475s] Level 1:colcon.colcon_core.environment:checking '/home/ntu-user/ros2_ws/install/simple_robot_description/lib/python3.10/site-packages'
[0.475s] Level 1:colcon.colcon_core.environment:checking '/home/ntu-user/ros2_ws/install/simple_robot_description/bin'
[0.479s] INFO:colcon.colcon_core.shell:Creating package script '/home/ntu-user/ros2_ws/install/simple_robot_description/share/simple_robot_description/package.ps1'
[0.479s] INFO:colcon.colcon_core.shell:Creating package descriptor '/home/ntu-user/ros2_ws/install/simple_robot_description/share/simple_robot_description/package.dsv'
[0.479s] INFO:colcon.colcon_core.shell:Creating package script '/home/ntu-user/ros2_ws/install/simple_robot_description/share/simple_robot_description/package.sh'
[0.479s] INFO:colcon.colcon_core.shell:Creating package script '/home/ntu-user/ros2_ws/install/simple_robot_description/share/simple_robot_description/package.bash'
[0.479s] INFO:colcon.colcon_core.shell:Creating package script '/home/ntu-user/ros2_ws/install/simple_robot_description/share/simple_robot_description/package.zsh'
[0.479s] Level 1:colcon.colcon_core.environment:create_file_with_runtime_dependencies(/home/ntu-user/ros2_ws/install/simple_robot_description/share/colcon-core/packages/simple_robot_description)
[0.484s] Level 1:colcon.colcon_core.environment:create_environment_scripts_only(my_robot)
[0.488s] Level 1:colcon.colcon_core.environment:checking '/home/ntu-user/ros2_ws/install/my_robot' for CMake module files
[0.488s] Level 1:colcon.colcon_core.environment:checking '/home/ntu-user/ros2_ws/install/my_robot' for CMake config files
[0.488s] Level 1:colcon.colcon_core.shell:create_environment_hook('my_robot', 'cmake_prefix_path')
[0.492s] INFO:colcon.colcon_core.shell:Creating environment hook '/home/ntu-user/ros2_ws/install/my_robot/share/my_robot/hook/cmake_prefix_path.ps1'
[0.492s] INFO:colcon.colcon_core.shell:Creating environment descriptor '/home/ntu-user/ros2_ws/install/my_robot/share/my_robot/hook/cmake_prefix_path.dsv'
[0.492s] INFO:colcon.colcon_core.shell:Creating environment hook '/home/ntu-user/ros2_ws/install/my_robot/share/my_robot/hook/cmake_prefix_path.sh'
[0.492s] Level 1:colcon.colcon_core.environment:checking '/home/ntu-user/ros2_ws/install/my_robot/bin'
[0.492s] Level 1:colcon.colcon_core.environment:checking '/home/ntu-user/ros2_ws/install/my_robot/lib/pkgconfig/my_robot.pc'
[0.492s] Level 1:colcon.colcon_core.environment:checking '/home/ntu-user/ros2_ws/install/my_robot/lib/python3.10/site-packages'
[0.493s] Level 1:colcon.colcon_core.environment:checking '/home/ntu-user/ros2_ws/install/my_robot/bin'
[0.496s] INFO:colcon.colcon_core.shell:Creating package script '/home/ntu-user/ros2_ws/install/my_robot/share/my_robot/package.ps1'
[0.496s] INFO:colcon.colcon_core.shell:Creating package descriptor '/home/ntu-user/ros2_ws/install/my_robot/share/my_robot/package.dsv'
[0.496s] INFO:colcon.colcon_core.shell:Creating package script '/home/ntu-user/ros2_ws/install/my_robot/share/my_robot/package.sh'
[0.496s] INFO:colcon.colcon_core.shell:Creating package script '/home/ntu-user/ros2_ws/install/my_robot/share/my_robot/package.bash'
[0.497s] INFO:colcon.colcon_core.shell:Creating package script '/home/ntu-user/ros2_ws/install/my_robot/share/my_robot/package.zsh'
[0.497s] Level 1:colcon.colcon_core.environment:create_file_with_runtime_dependencies(/home/ntu-user/ros2_ws/install/my_robot/share/colcon-core/packages/my_robot)
[0.501s] Level 1:colcon.colcon_core.environment:create_environment_scripts_only(ntu_robotsim)
[0.505s] Level 1:colcon.colcon_core.environment:checking '/home/ntu-user/ros2_ws/install/ntu_robotsim' for CMake module files
[0.505s] Level 1:colcon.colcon_core.environment:checking '/home/ntu-user/ros2_ws/install/ntu_robotsim' for CMake config files
[0.505s] Level 1:colcon.colcon_core.shell:create_environment_hook('ntu_robotsim', 'cmake_prefix_path')
[0.508s] INFO:colcon.colcon_core.shell:Creating environment hook '/home/ntu-user/ros2_ws/install/ntu_robotsim/share/ntu_robotsim/hook/cmake_prefix_path.ps1'
[0.509s] INFO:colcon.colcon_core.shell:Creating environment descriptor '/home/ntu-user/ros2_ws/install/ntu_robotsim/share/ntu_robotsim/hook/cmake_prefix_path.dsv'
[0.509s] INFO:colcon.colcon_core.shell:Creating environment hook '/home/ntu-user/ros2_ws/install/ntu_robotsim/share/ntu_robotsim/hook/cmake_prefix_path.sh'
[0.509s] Level 1:colcon.colcon_core.environment:checking '/home/ntu-user/ros2_ws/install/ntu_robotsim/lib'
[0.509s] Level 1:colcon.colcon_core.environment:checking '/home/ntu-user/ros2_ws/install/ntu_robotsim/bin'
[0.509s] Level 1:colcon.colcon_core.environment:checking '/home/ntu-user/ros2_ws/install/ntu_robotsim/lib/pkgconfig/ntu_robotsim.pc'
[0.509s] Level 1:colcon.colcon_core.environment:checking '/home/ntu-user/ros2_ws/install/ntu_robotsim/lib/python3.10/site-packages'
[0.509s] Level 1:colcon.colcon_core.environment:checking '/home/ntu-user/ros2_ws/install/ntu_robotsim/bin'
[0.513s] INFO:colcon.colcon_core.shell:Creating package script '/home/ntu-user/ros2_ws/install/ntu_robotsim/share/ntu_robotsim/package.ps1'
[0.513s] INFO:colcon.colcon_core.shell:Creating package descriptor '/home/ntu-user/ros2_ws/install/ntu_robotsim/share/ntu_robotsim/package.dsv'
[0.513s] INFO:colcon.colcon_core.shell:Creating package script '/home/ntu-user/ros2_ws/install/ntu_robotsim/share/ntu_robotsim/package.sh'
[0.513s] INFO:colcon.colcon_core.shell:Creating package script '/home/ntu-user/ros2_ws/install/ntu_robotsim/share/ntu_robotsim/package.bash'
[0.513s] INFO:colcon.colcon_core.shell:Creating package script '/home/ntu-user/ros2_ws/install/ntu_robotsim/share/ntu_robotsim/package.zsh'
[0.513s] Level 1:colcon.colcon_core.environment:create_file_with_runtime_dependencies(/home/ntu-user/ros2_ws/install/ntu_robotsim/share/colcon-core/packages/ntu_robotsim)
[0.517s] Level 1:colcon.colcon_core.environment:create_environment_scripts_only(simple_robot_description)
[0.521s] Level 1:colcon.colcon_core.environment:checking '/home/ntu-user/ros2_ws/install/simple_robot_description' for CMake module files
[0.521s] Level 1:colcon.colcon_core.environment:checking '/home/ntu-user/ros2_ws/install/simple_robot_description' for CMake config files
[0.521s] Level 1:colcon.colcon_core.shell:create_environment_hook('simple_robot_description', 'cmake_prefix_path')
[0.525s] INFO:colcon.colcon_core.shell:Creating environment hook '/home/ntu-user/ros2_ws/install/simple_robot_description/share/simple_robot_description/hook/cmake_prefix_path.ps1'
[0.525s] INFO:colcon.colcon_core.shell:Creating environment descriptor '/home/ntu-user/ros2_ws/install/simple_robot_description/share/simple_robot_description/hook/cmake_prefix_path.dsv'
[0.525s] INFO:colcon.colcon_core.shell:Creating environment hook '/home/ntu-user/ros2_ws/install/simple_robot_description/share/simple_robot_description/hook/cmake_prefix_path.sh'
[0.525s] Level 1:colcon.colcon_core.environment:checking '/home/ntu-user/ros2_ws/install/simple_robot_description/lib'
[0.525s] Level 1:colcon.colcon_core.environment:checking '/home/ntu-user/ros2_ws/install/simple_robot_description/bin'
[0.525s] Level 1:colcon.colcon_core.environment:checking '/home/ntu-user/ros2_ws/install/simple_robot_description/lib/pkgconfig/simple_robot_description.pc'
[0.525s] Level 1:colcon.colcon_core.environment:checking '/home/ntu-user/ros2_ws/install/simple_robot_description/lib/python3.10/site-packages'
[0.525s] Level 1:colcon.colcon_core.environment:checking '/home/ntu-user/ros2_ws/install/simple_robot_description/bin'
[0.529s] INFO:colcon.colcon_core.shell:Creating package script '/home/ntu-user/ros2_ws/install/simple_robot_description/share/simple_robot_description/package.ps1'
[0.529s] INFO:colcon.colcon_core.shell:Creating package descriptor '/home/ntu-user/ros2_ws/install/simple_robot_description/share/simple_robot_description/package.dsv'
[0.529s] INFO:colcon.colcon_core.shell:Creating package script '/home/ntu-user/ros2_ws/install/simple_robot_description/share/simple_robot_description/package.sh'
[0.529s] INFO:colcon.colcon_core.shell:Creating package script '/home/ntu-user/ros2_ws/install/simple_robot_description/share/simple_robot_description/package.bash'
[0.529s] INFO:colcon.colcon_core.shell:Creating package script '/home/ntu-user/ros2_ws/install/simple_robot_description/share/simple_robot_description/package.zsh'
[0.530s] Level 1:colcon.colcon_core.environment:create_file_with_runtime_dependencies(/home/ntu-user/ros2_ws/install/simple_robot_description/share/colcon-core/packages/simple_robot_description)
[0.530s] DEBUG:colcon.colcon_parallel_executor.executor.parallel:closing loop
[0.530s] DEBUG:colcon.colcon_parallel_executor.executor.parallel:loop closed
[0.530s] DEBUG:colcon.colcon_parallel_executor.executor.parallel:run_until_complete finished with '0'
[0.530s] DEBUG:colcon.colcon_core.event_reactor:joining thread
[0.536s] INFO:colcon.colcon_core.plugin_system:Skipping extension 'colcon_notification.desktop_notification.notify_send': Could not find 'notify-send'
[0.536s] INFO:colcon.colcon_core.plugin_system:Skipping extension 'colcon_notification.desktop_notification.terminal_notifier': Not used on non-Darwin systems
[0.536s] INFO:colcon.colcon_core.plugin_system:Skipping extension 'colcon_notification.desktop_notification.win32': Not used on non-Windows systems
[0.536s] INFO:colcon.colcon_notification.desktop_notification:Sending desktop notification using 'notify2'
[0.539s] DEBUG:colcon.colcon_core.event_reactor:joined thread
[0.543s] INFO:colcon.colcon_core.shell:Creating prefix script '/home/ntu-user/ros2_ws/install/local_setup.ps1'
[0.544s] INFO:colcon.colcon_core.shell:Creating prefix util module '/home/ntu-user/ros2_ws/install/_local_setup_util_ps1.py'
[0.544s] INFO:colcon.colcon_core.shell:Creating prefix chain script '/home/ntu-user/ros2_ws/install/setup.ps1'
[0.548s] INFO:colcon.colcon_core.shell:Creating prefix script '/home/ntu-user/ros2_ws/install/local_setup.sh'
[0.548s] INFO:colcon.colcon_core.shell:Creating prefix util module '/home/ntu-user/ros2_ws/install/_local_setup_util_sh.py'
[0.548s] INFO:colcon.colcon_core.shell:Creating prefix chain script '/home/ntu-user/ros2_ws/install/setup.sh'
[0.552s] INFO:colcon.colcon_core.shell:Creating prefix script '/home/ntu-user/ros2_ws/install/local_setup.bash'
[0.552s] INFO:colcon.colcon_core.shell:Creating prefix chain script '/home/ntu-user/ros2_ws/install/setup.bash'
[0.556s] INFO:colcon.colcon_core.shell:Creating prefix script '/home/ntu-user/ros2_ws/install/local_setup.zsh'
[0.556s] INFO:colcon.colcon_core.shell:Creating prefix chain script '/home/ntu-user/ros2_ws/install/setup.zsh'
