[0.022s] Invoking command in '/home/ntu-user/ros2_ws/build/simple_robot_description': CMAKE_PREFIX_PATH=${CMAKE_PREFIX_PATH}:/opt/ros/humble /usr/bin/cmake /home/ntu-user/ros2_ws/src/simple_robot_description -DAMENT_CMAKE_SYMLINK_INSTALL=1 -DCMAKE_INSTALL_PREFIX=/home/ntu-user/ros2_ws/install/simple_robot_description
[0.028s] -- Found ament_cmake: 1.3.5 (/opt/ros/humble/share/ament_cmake/cmake)
[0.082s] -- Override CMake install command with custom implementation using symlinks instead of copying resources
[0.085s] -- Found ament_lint_auto: 0.12.8 (/opt/ros/humble/share/ament_lint_auto/cmake)
[0.114s] -- Added test 'cppcheck' to perform static code analysis on C / C++ code
[0.114s] -- Configured cppcheck include dirs: 
[0.114s] -- Configured cppcheck exclude dirs and/or files: 
[0.115s] -- Added test 'flake8' to check Python code syntax and style conventions
[0.116s] -- Added test 'lint_cmake' to check CMake code style
[0.116s] -- Added test 'pep257' to check Python code against some of the docstring style conventions in PEP 257
[0.120s] -- Added test 'uncrustify' to check C / C++ code style
[0.120s] -- Configured uncrustify additional arguments: 
[0.120s] -- Added test 'xmllint' to check XML markup files
[0.121s] -- Configuring done
[0.122s] -- Generating done
[0.123s] -- Build files have been written to: /home/ntu-user/ros2_ws/build/simple_robot_description
[0.124s] Invoked command in '/home/ntu-user/ros2_ws/build/simple_robot_description' returned '0': CMAKE_PREFIX_PATH=${CMAKE_PREFIX_PATH}:/opt/ros/humble /usr/bin/cmake /home/ntu-user/ros2_ws/src/simple_robot_description -DAMENT_CMAKE_SYMLINK_INSTALL=1 -DCMAKE_INSTALL_PREFIX=/home/ntu-user/ros2_ws/install/simple_robot_description
[0.125s] Invoking command in '/home/ntu-user/ros2_ws/build/simple_robot_description': CMAKE_PREFIX_PATH=${CMAKE_PREFIX_PATH}:/opt/ros/humble /usr/bin/cmake --build /home/ntu-user/ros2_ws/build/simple_robot_description -- -j10 -l10
[0.140s] Invoked command in '/home/ntu-user/ros2_ws/build/simple_robot_description' returned '0': CMAKE_PREFIX_PATH=${CMAKE_PREFIX_PATH}:/opt/ros/humble /usr/bin/cmake --build /home/ntu-user/ros2_ws/build/simple_robot_description -- -j10 -l10
[0.150s] Invoking command in '/home/ntu-user/ros2_ws/build/simple_robot_description': CMAKE_PREFIX_PATH=${CMAKE_PREFIX_PATH}:/opt/ros/humble /usr/bin/cmake --install /home/ntu-user/ros2_ws/build/simple_robot_description
[0.152s] -- Install configuration: ""
[0.153s] -- Execute custom install script
[0.153s] -- Up-to-date symlink: /home/ntu-user/ros2_ws/install/simple_robot_description/share/simple_robot_description/urdf/simple_robot.urdf
[0.153s] -- Up-to-date symlink: /home/ntu-user/ros2_ws/install/simple_robot_description/share/simple_robot_description/urdf/simple_robot_gazebo.urdf
[0.153s] -- Up-to-date symlink: /home/ntu-user/ros2_ws/install/simple_robot_description/share/simple_robot_description/include/robot_state_publisher.launch.py
[0.153s] -- Up-to-date symlink: /home/ntu-user/ros2_ws/install/simple_robot_description/share/simple_robot_description/include/rviz.launch.py
[0.153s] -- Up-to-date symlink: /home/ntu-user/ros2_ws/install/simple_robot_description/share/simple_robot_description/include/teleop.launch.py
[0.153s] -- Up-to-date symlink: /home/ntu-user/ros2_ws/install/simple_robot_description/share/simple_robot_description/include/transforms.launch.py
[0.153s] [33mCMake Warning (dev) at ament_cmake_symlink_install/ament_cmake_symlink_install.cmake:62 (file):
[0.153s]   Policy CMP0009 is not set: FILE GLOB_RECURSE calls should not follow
[0.153s]   symlinks by default.  Run "cmake --help-policy CMP0009" for policy details.
[0.154s]   Use the cmake_policy command to set the policy and suppress this warning.
[0.154s] Call Stack (most recent call first):
[0.154s]   ament_cmake_symlink_install/ament_cmake_symlink_install.cmake:314 (ament_cmake_symlink_install_directory)
[0.154s]   cmake_install.cmake:46 (include)
[0.154s] This warning is for project developers.  Use -Wno-dev to suppress it.
[0.154s] [0m
[0.154s] -- Up-to-date symlink: /home/ntu-user/ros2_ws/install/simple_robot_description/share/simple_robot_description/launch/build/.built_by
[0.154s] -- Up-to-date symlink: /home/ntu-user/ros2_ws/install/simple_robot_description/share/simple_robot_description/launch/build/COLCON_IGNORE
[0.154s] -- Up-to-date symlink: /home/ntu-user/ros2_ws/install/simple_robot_description/share/simple_robot_description/launch/display.launch.py
[0.154s] -- Up-to-date symlink: /home/ntu-user/ros2_ws/install/simple_robot_description/share/simple_robot_description/launch/gazebo.launch.py
[0.154s] -- Up-to-date symlink: /home/ntu-user/ros2_ws/install/simple_robot_description/share/simple_robot_description/launch/include/robot_state_publisher.launch.py
[0.154s] -- Up-to-date symlink: /home/ntu-user/ros2_ws/install/simple_robot_description/share/simple_robot_description/launch/include/rviz.launch.py
[0.154s] -- Up-to-date symlink: /home/ntu-user/ros2_ws/install/simple_robot_description/share/simple_robot_description/launch/include/teleop.launch.py
[0.154s] -- Up-to-date symlink: /home/ntu-user/ros2_ws/install/simple_robot_description/share/simple_robot_description/launch/include/transforms.launch.py
[0.154s] -- Up-to-date symlink: /home/ntu-user/ros2_ws/install/simple_robot_description/share/simple_robot_description/launch/install/.colcon_install_layout
[0.154s] -- Up-to-date symlink: /home/ntu-user/ros2_ws/install/simple_robot_description/share/simple_robot_description/launch/install/COLCON_IGNORE
[0.154s] -- Up-to-date symlink: /home/ntu-user/ros2_ws/install/simple_robot_description/share/simple_robot_description/launch/install/_local_setup_util_ps1.py
[0.154s] -- Up-to-date symlink: /home/ntu-user/ros2_ws/install/simple_robot_description/share/simple_robot_description/launch/install/_local_setup_util_sh.py
[0.154s] -- Up-to-date symlink: /home/ntu-user/ros2_ws/install/simple_robot_description/share/simple_robot_description/launch/install/local_setup.bash
[0.154s] -- Up-to-date symlink: /home/ntu-user/ros2_ws/install/simple_robot_description/share/simple_robot_description/launch/install/local_setup.ps1
[0.154s] -- Up-to-date symlink: /home/ntu-user/ros2_ws/install/simple_robot_description/share/simple_robot_description/launch/install/local_setup.sh
[0.154s] -- Up-to-date symlink: /home/ntu-user/ros2_ws/install/simple_robot_description/share/simple_robot_description/launch/install/local_setup.zsh
[0.154s] -- Up-to-date symlink: /home/ntu-user/ros2_ws/install/simple_robot_description/share/simple_robot_description/launch/install/setup.bash
[0.154s] -- Up-to-date symlink: /home/ntu-user/ros2_ws/install/simple_robot_description/share/simple_robot_description/launch/install/setup.ps1
[0.155s] -- Up-to-date symlink: /home/ntu-user/ros2_ws/install/simple_robot_description/share/simple_robot_description/launch/install/setup.sh
[0.155s] -- Up-to-date symlink: /home/ntu-user/ros2_ws/install/simple_robot_description/share/simple_robot_description/launch/install/setup.zsh
[0.155s] -- Up-to-date symlink: /home/ntu-user/ros2_ws/install/simple_robot_description/share/simple_robot_description/launch/log/COLCON_IGNORE
[0.155s] -- Up-to-date symlink: /home/ntu-user/ros2_ws/install/simple_robot_description/share/simple_robot_description/launch/log/build_2025-11-17_15-48-21/events.log
[0.155s] -- Up-to-date symlink: /home/ntu-user/ros2_ws/install/simple_robot_description/share/simple_robot_description/launch/log/build_2025-11-17_15-48-21/logger_all.log
[0.155s] -- Up-to-date symlink: /home/ntu-user/ros2_ws/install/simple_robot_description/share/simple_robot_description/launch/log/latest/events.log
[0.155s] -- Up-to-date symlink: /home/ntu-user/ros2_ws/install/simple_robot_description/share/simple_robot_description/launch/log/latest/logger_all.log
[0.155s] -- Up-to-date symlink: /home/ntu-user/ros2_ws/install/simple_robot_description/share/simple_robot_description/launch/log/latest_build/events.log
[0.155s] -- Up-to-date symlink: /home/ntu-user/ros2_ws/install/simple_robot_description/share/simple_robot_description/launch/log/latest_build/logger_all.log
[0.155s] -- Up-to-date symlink: /home/ntu-user/ros2_ws/install/simple_robot_description/share/simple_robot_description/launch/robot_complete.launch.py
[0.155s] -- Up-to-date symlink: /home/ntu-user/ros2_ws/install/simple_robot_description/share/simple_robot_description/rviz/urdf_config.rviz
[0.155s] -- Up-to-date symlink: /home/ntu-user/ros2_ws/install/simple_robot_description/share/simple_robot_description/config/gz_bridge.yaml
[0.155s] -- Up-to-date symlink: /home/ntu-user/ros2_ws/install/simple_robot_description/share/simple_robot_description/worlds/diff_drive/diff_drive.sdf
[0.155s] -- Up-to-date symlink: /home/ntu-user/ros2_ws/install/simple_robot_description/lib/simple_robot_description/dynamic_transform_publisher.py
[0.155s] -- Up-to-date symlink: /home/ntu-user/ros2_ws/install/simple_robot_description/share/ament_index/resource_index/package_run_dependencies/simple_robot_description
[0.155s] -- Up-to-date symlink: /home/ntu-user/ros2_ws/install/simple_robot_description/share/ament_index/resource_index/parent_prefix_path/simple_robot_description
[0.155s] -- Up-to-date symlink: /home/ntu-user/ros2_ws/install/simple_robot_description/share/simple_robot_description/environment/ament_prefix_path.sh
[0.155s] -- Up-to-date symlink: /home/ntu-user/ros2_ws/install/simple_robot_description/share/simple_robot_description/environment/ament_prefix_path.dsv
[0.155s] -- Up-to-date symlink: /home/ntu-user/ros2_ws/install/simple_robot_description/share/simple_robot_description/environment/path.sh
[0.156s] -- Up-to-date symlink: /home/ntu-user/ros2_ws/install/simple_robot_description/share/simple_robot_description/environment/path.dsv
[0.156s] -- Up-to-date symlink: /home/ntu-user/ros2_ws/install/simple_robot_description/share/simple_robot_description/local_setup.bash
[0.156s] -- Up-to-date symlink: /home/ntu-user/ros2_ws/install/simple_robot_description/share/simple_robot_description/local_setup.sh
[0.156s] -- Up-to-date symlink: /home/ntu-user/ros2_ws/install/simple_robot_description/share/simple_robot_description/local_setup.zsh
[0.156s] -- Up-to-date symlink: /home/ntu-user/ros2_ws/install/simple_robot_description/share/simple_robot_description/local_setup.dsv
[0.156s] -- Symlinking: /home/ntu-user/ros2_ws/install/simple_robot_description/share/simple_robot_description/package.dsv
[0.158s] -- Up-to-date symlink: /home/ntu-user/ros2_ws/install/simple_robot_description/share/ament_index/resource_index/packages/simple_robot_description
[0.159s] -- Up-to-date symlink: /home/ntu-user/ros2_ws/install/simple_robot_description/share/simple_robot_description/cmake/simple_robot_descriptionConfig.cmake
[0.159s] -- Up-to-date symlink: /home/ntu-user/ros2_ws/install/simple_robot_description/share/simple_robot_description/cmake/simple_robot_descriptionConfig-version.cmake
[0.159s] -- Up-to-date symlink: /home/ntu-user/ros2_ws/install/simple_robot_description/share/simple_robot_description/package.xml
[0.159s] Invoked command in '/home/ntu-user/ros2_ws/build/simple_robot_description' returned '0': CMAKE_PREFIX_PATH=${CMAKE_PREFIX_PATH}:/opt/ros/humble /usr/bin/cmake --install /home/ntu-user/ros2_ws/build/simple_robot_description
