[0.274s] DEBUG:colcon:Command line arguments: ['/usr/bin/colcon', 'build', '--packages-select', 'ntu_robotsim']
[0.274s] DEBUG:colcon:Parsed command line arguments: Namespace(log_base=None, log_level=None, verb_name='build', build_base='build', install_base='install', merge_install=False, symlink_install=False, test_result_base=None, continue_on_error=False, executor='parallel', parallel_workers=10, event_handlers=None, ignore_user_meta=False, metas=['./colcon.meta'], base_paths=['.'], packages_ignore=None, packages_ignore_regex=None, paths=None, packages_up_to=None, packages_up_to_regex=None, packages_above=None, packages_above_and_dependencies=None, packages_above_depth=None, packages_select_by_dep=None, packages_skip_by_dep=None, packages_skip_up_to=None, packages_select_build_failed=False, packages_skip_build_finished=False, packages_select_test_failures=False, packages_skip_test_passed=False, packages_select=['ntu_robotsim'], packages_skip=None, packages_select_regex=None, packages_skip_regex=None, packages_start=None, packages_end=None, cmake_args=None, cmake_target=None, cmake_target_skip_unavailable=False, cmake_clean_cache=False, cmake_clean_first=False, cmake_force_configure=False, ament_cmake_args=None, catkin_cmake_args=None, catkin_skip_building_tests=False, verb_parser=<colcon_defaults.argument_parser.defaults.DefaultArgumentsDecorator object at 0xffff92ac8d30>, verb_extension=<colcon_core.verb.build.BuildVerb object at 0xffff92d744f0>, main=<bound method BuildVerb.main of <colcon_core.verb.build.BuildVerb object at 0xffff92d744f0>>)
[0.289s] Level 1:colcon.colcon_core.package_discovery:discover_packages(colcon_meta) check parameters
[0.289s] Level 1:colcon.colcon_core.package_discovery:discover_packages(recursive) check parameters
[0.289s] Level 1:colcon.colcon_core.package_discovery:discover_packages(ignore) check parameters
[0.289s] Level 1:colcon.colcon_core.package_discovery:discover_packages(path) check parameters
[0.289s] Level 1:colcon.colcon_core.package_discovery:discover_packages(colcon_meta) discover
[0.289s] Level 1:colcon.colcon_core.package_discovery:discover_packages(recursive) discover
[0.289s] INFO:colcon.colcon_core.package_discovery:Crawling recursively for packages in '/home/ntu-user/ros2_ws'
[0.289s] Level 1:colcon.colcon_core.package_identification:_identify(.) by extensions ['ignore', 'ignore_ament_install']
[0.289s] Level 1:colcon.colcon_core.package_identification:_identify(.) by extension 'ignore'
[0.289s] Level 1:colcon.colcon_core.package_identification:_identify(.) by extension 'ignore_ament_install'
[0.289s] Level 1:colcon.colcon_core.package_identification:_identify(.) by extensions ['colcon_pkg']
[0.289s] Level 1:colcon.colcon_core.package_identification:_identify(.) by extension 'colcon_pkg'
[0.289s] Level 1:colcon.colcon_core.package_identification:_identify(.) by extensions ['colcon_meta']
[0.289s] Level 1:colcon.colcon_core.package_identification:_identify(.) by extension 'colcon_meta'
[0.289s] Level 1:colcon.colcon_core.package_identification:_identify(.) by extensions ['ros']
[0.289s] Level 1:colcon.colcon_core.package_identification:_identify(.) by extension 'ros'
[0.295s] Level 1:colcon.colcon_core.package_identification:_identify(.) by extensions ['cmake', 'python']
[0.295s] Level 1:colcon.colcon_core.package_identification:_identify(.) by extension 'cmake'
[0.295s] Level 1:colcon.colcon_core.package_identification:_identify(.) by extension 'python'
[0.295s] Level 1:colcon.colcon_core.package_identification:_identify(.) by extensions ['python_setup_py']
[0.295s] Level 1:colcon.colcon_core.package_identification:_identify(.) by extension 'python_setup_py'
[0.295s] Level 1:colcon.colcon_core.package_identification:_identify(build) by extensions ['ignore', 'ignore_ament_install']
[0.295s] Level 1:colcon.colcon_core.package_identification:_identify(build) by extension 'ignore'
[0.295s] Level 1:colcon.colcon_core.package_identification:_identify(build) ignored
[0.295s] Level 1:colcon.colcon_core.package_identification:_identify(install) by extensions ['ignore', 'ignore_ament_install']
[0.295s] Level 1:colcon.colcon_core.package_identification:_identify(install) by extension 'ignore'
[0.295s] Level 1:colcon.colcon_core.package_identification:_identify(install) ignored
[0.295s] Level 1:colcon.colcon_core.package_identification:_identify(log) by extensions ['ignore', 'ignore_ament_install']
[0.295s] Level 1:colcon.colcon_core.package_identification:_identify(log) by extension 'ignore'
[0.295s] Level 1:colcon.colcon_core.package_identification:_identify(log) ignored
[0.295s] Level 1:colcon.colcon_core.package_identification:_identify(src) by extensions ['ignore', 'ignore_ament_install']
[0.295s] Level 1:colcon.colcon_core.package_identification:_identify(src) by extension 'ignore'
[0.295s] Level 1:colcon.colcon_core.package_identification:_identify(src) by extension 'ignore_ament_install'
[0.295s] Level 1:colcon.colcon_core.package_identification:_identify(src) by extensions ['colcon_pkg']
[0.295s] Level 1:colcon.colcon_core.package_identification:_identify(src) by extension 'colcon_pkg'
[0.295s] Level 1:colcon.colcon_core.package_identification:_identify(src) by extensions ['colcon_meta']
[0.295s] Level 1:colcon.colcon_core.package_identification:_identify(src) by extension 'colcon_meta'
[0.295s] Level 1:colcon.colcon_core.package_identification:_identify(src) by extensions ['ros']
[0.295s] Level 1:colcon.colcon_core.package_identification:_identify(src) by extension 'ros'
[0.295s] Level 1:colcon.colcon_core.package_identification:_identify(src) by extensions ['cmake', 'python']
[0.295s] Level 1:colcon.colcon_core.package_identification:_identify(src) by extension 'cmake'
[0.295s] Level 1:colcon.colcon_core.package_identification:_identify(src) by extension 'python'
[0.295s] Level 1:colcon.colcon_core.package_identification:_identify(src) by extensions ['python_setup_py']
[0.295s] Level 1:colcon.colcon_core.package_identification:_identify(src) by extension 'python_setup_py'
[0.295s] Level 1:colcon.colcon_core.package_identification:_identify(src/my_robot) by extensions ['ignore', 'ignore_ament_install']
[0.295s] Level 1:colcon.colcon_core.package_identification:_identify(src/my_robot) by extension 'ignore'
[0.295s] Level 1:colcon.colcon_core.package_identification:_identify(src/my_robot) by extension 'ignore_ament_install'
[0.295s] Level 1:colcon.colcon_core.package_identification:_identify(src/my_robot) by extensions ['colcon_pkg']
[0.295s] Level 1:colcon.colcon_core.package_identification:_identify(src/my_robot) by extension 'colcon_pkg'
[0.295s] Level 1:colcon.colcon_core.package_identification:_identify(src/my_robot) by extensions ['colcon_meta']
[0.295s] Level 1:colcon.colcon_core.package_identification:_identify(src/my_robot) by extension 'colcon_meta'
[0.295s] Level 1:colcon.colcon_core.package_identification:_identify(src/my_robot) by extensions ['ros']
[0.295s] Level 1:colcon.colcon_core.package_identification:_identify(src/my_robot) by extension 'ros'
[0.297s] DEBUG:colcon.colcon_core.package_identification:Package 'src/my_robot' with type 'ros.ament_cmake' and name 'my_robot'
[0.297s] Level 1:colcon.colcon_core.package_identification:_identify(src/ntu_robotsim_nav2) by extensions ['ignore', 'ignore_ament_install']
[0.297s] Level 1:colcon.colcon_core.package_identification:_identify(src/ntu_robotsim_nav2) by extension 'ignore'
[0.297s] Level 1:colcon.colcon_core.package_identification:_identify(src/ntu_robotsim_nav2) by extension 'ignore_ament_install'
[0.297s] Level 1:colcon.colcon_core.package_identification:_identify(src/ntu_robotsim_nav2) by extensions ['colcon_pkg']
[0.297s] Level 1:colcon.colcon_core.package_identification:_identify(src/ntu_robotsim_nav2) by extension 'colcon_pkg'
[0.297s] Level 1:colcon.colcon_core.package_identification:_identify(src/ntu_robotsim_nav2) by extensions ['colcon_meta']
[0.297s] Level 1:colcon.colcon_core.package_identification:_identify(src/ntu_robotsim_nav2) by extension 'colcon_meta'
[0.297s] Level 1:colcon.colcon_core.package_identification:_identify(src/ntu_robotsim_nav2) by extensions ['ros']
[0.297s] Level 1:colcon.colcon_core.package_identification:_identify(src/ntu_robotsim_nav2) by extension 'ros'
[0.297s] Level 1:colcon.colcon_core.package_identification:_identify(src/ntu_robotsim_nav2) by extensions ['cmake', 'python']
[0.297s] Level 1:colcon.colcon_core.package_identification:_identify(src/ntu_robotsim_nav2) by extension 'cmake'
[0.297s] Level 1:colcon.colcon_core.package_identification:_identify(src/ntu_robotsim_nav2) by extension 'python'
[0.297s] Level 1:colcon.colcon_core.package_identification:_identify(src/ntu_robotsim_nav2) by extensions ['python_setup_py']
[0.297s] Level 1:colcon.colcon_core.package_identification:_identify(src/ntu_robotsim_nav2) by extension 'python_setup_py'
[0.297s] Level 1:colcon.colcon_core.package_identification:_identify(src/ntu_robotsim_nav2/ntu_robotsim) by extensions ['ignore', 'ignore_ament_install']
[0.297s] Level 1:colcon.colcon_core.package_identification:_identify(src/ntu_robotsim_nav2/ntu_robotsim) by extension 'ignore'
[0.297s] Level 1:colcon.colcon_core.package_identification:_identify(src/ntu_robotsim_nav2/ntu_robotsim) by extension 'ignore_ament_install'
[0.297s] Level 1:colcon.colcon_core.package_identification:_identify(src/ntu_robotsim_nav2/ntu_robotsim) by extensions ['colcon_pkg']
[0.297s] Level 1:colcon.colcon_core.package_identification:_identify(src/ntu_robotsim_nav2/ntu_robotsim) by extension 'colcon_pkg'
[0.297s] Level 1:colcon.colcon_core.package_identification:_identify(src/ntu_robotsim_nav2/ntu_robotsim) by extensions ['colcon_meta']
[0.297s] Level 1:colcon.colcon_core.package_identification:_identify(src/ntu_robotsim_nav2/ntu_robotsim) by extension 'colcon_meta'
[0.297s] Level 1:colcon.colcon_core.package_identification:_identify(src/ntu_robotsim_nav2/ntu_robotsim) by extensions ['ros']
[0.297s] Level 1:colcon.colcon_core.package_identification:_identify(src/ntu_robotsim_nav2/ntu_robotsim) by extension 'ros'
[0.297s] DEBUG:colcon.colcon_core.package_identification:Package 'src/ntu_robotsim_nav2/ntu_robotsim' with type 'ros.ament_cmake' and name 'ntu_robotsim'
[0.297s] Level 1:colcon.colcon_core.package_identification:_identify(src/simple_robot_description) by extensions ['ignore', 'ignore_ament_install']
[0.297s] Level 1:colcon.colcon_core.package_identification:_identify(src/simple_robot_description) by extension 'ignore'
[0.297s] Level 1:colcon.colcon_core.package_identification:_identify(src/simple_robot_description) by extension 'ignore_ament_install'
[0.297s] Level 1:colcon.colcon_core.package_identification:_identify(src/simple_robot_description) by extensions ['colcon_pkg']
[0.297s] Level 1:colcon.colcon_core.package_identification:_identify(src/simple_robot_description) by extension 'colcon_pkg'
[0.297s] Level 1:colcon.colcon_core.package_identification:_identify(src/simple_robot_description) by extensions ['colcon_meta']
[0.297s] Level 1:colcon.colcon_core.package_identification:_identify(src/simple_robot_description) by extension 'colcon_meta'
[0.297s] Level 1:colcon.colcon_core.package_identification:_identify(src/simple_robot_description) by extensions ['ros']
[0.297s] Level 1:colcon.colcon_core.package_identification:_identify(src/simple_robot_description) by extension 'ros'
[0.298s] DEBUG:colcon.colcon_core.package_identification:Package 'src/simple_robot_description' with type 'ros.ament_cmake' and name 'simple_robot_description'
[0.298s] Level 1:colcon.colcon_core.package_discovery:discover_packages(recursive) using defaults
[0.298s] Level 1:colcon.colcon_core.package_discovery:discover_packages(ignore) discover
[0.298s] Level 1:colcon.colcon_core.package_discovery:discover_packages(ignore) using defaults
[0.298s] Level 1:colcon.colcon_core.package_discovery:discover_packages(path) discover
[0.298s] Level 1:colcon.colcon_core.package_discovery:discover_packages(path) using defaults
[0.317s] INFO:colcon.colcon_core.package_selection:Skipping not selected package 'my_robot' in 'src/my_robot'
[0.317s] INFO:colcon.colcon_core.package_selection:Skipping not selected package 'simple_robot_description' in 'src/simple_robot_description'
[0.321s] Level 5:colcon.colcon_core.verb:set package 'ntu_robotsim' build argument 'cmake_args' from command line to 'None'
[0.321s] Level 5:colcon.colcon_core.verb:set package 'ntu_robotsim' build argument 'cmake_target' from command line to 'None'
[0.321s] Level 5:colcon.colcon_core.verb:set package 'ntu_robotsim' build argument 'cmake_target_skip_unavailable' from command line to 'False'
[0.321s] Level 5:colcon.colcon_core.verb:set package 'ntu_robotsim' build argument 'cmake_clean_cache' from command line to 'False'
[0.321s] Level 5:colcon.colcon_core.verb:set package 'ntu_robotsim' build argument 'cmake_clean_first' from command line to 'False'
[0.321s] Level 5:colcon.colcon_core.verb:set package 'ntu_robotsim' build argument 'cmake_force_configure' from command line to 'False'
[0.321s] Level 5:colcon.colcon_core.verb:set package 'ntu_robotsim' build argument 'ament_cmake_args' from command line to 'None'
[0.321s] Level 5:colcon.colcon_core.verb:set package 'ntu_robotsim' build argument 'catkin_cmake_args' from command line to 'None'
[0.321s] Level 5:colcon.colcon_core.verb:set package 'ntu_robotsim' build argument 'catkin_skip_building_tests' from command line to 'False'
[0.321s] DEBUG:colcon.colcon_core.verb:Building package 'ntu_robotsim' with the following arguments: {'ament_cmake_args': None, 'build_base': '/home/ntu-user/ros2_ws/build/ntu_robotsim', 'catkin_cmake_args': None, 'catkin_skip_building_tests': False, 'cmake_args': None, 'cmake_clean_cache': False, 'cmake_clean_first': False, 'cmake_force_configure': False, 'cmake_target': None, 'cmake_target_skip_unavailable': False, 'install_base': '/home/ntu-user/ros2_ws/install/ntu_robotsim', 'merge_install': False, 'path': '/home/ntu-user/ros2_ws/src/ntu_robotsim_nav2/ntu_robotsim', 'symlink_install': False, 'test_result_base': None}
[0.324s] INFO:colcon.colcon_core.executor:Executing jobs using 'parallel' executor
[0.328s] DEBUG:colcon.colcon_parallel_executor.executor.parallel:run_until_complete
[0.328s] INFO:colcon.colcon_ros.task.ament_cmake.build:Building ROS package in '/home/ntu-user/ros2_ws/src/ntu_robotsim_nav2/ntu_robotsim' with build type 'ament_cmake'
[0.328s] INFO:colcon.colcon_cmake.task.cmake.build:Building CMake package in '/home/ntu-user/ros2_ws/src/ntu_robotsim_nav2/ntu_robotsim'
[0.333s] INFO:colcon.colcon_core.plugin_system:Skipping extension 'colcon_core.shell.bat': Not used on non-Windows systems
[0.333s] INFO:colcon.colcon_core.shell:Skip shell extension 'powershell' for command environment: Not usable outside of PowerShell
[0.333s] DEBUG:colcon.colcon_core.shell:Skip shell extension 'dsv' for command environment
[0.351s] DEBUG:colcon.colcon_core.event_handler.log_command:Invoking command in '/home/ntu-user/ros2_ws/build/ntu_robotsim': CMAKE_PREFIX_PATH=${CMAKE_PREFIX_PATH}:/opt/ros/humble /usr/bin/cmake /home/ntu-user/ros2_ws/src/ntu_robotsim_nav2/ntu_robotsim -DCMAKE_INSTALL_PREFIX=/home/ntu-user/ros2_ws/install/ntu_robotsim
[0.624s] DEBUG:colcon.colcon_core.event_handler.log_command:Invoked command in '/home/ntu-user/ros2_ws/build/ntu_robotsim' returned '0': CMAKE_PREFIX_PATH=${CMAKE_PREFIX_PATH}:/opt/ros/humble /usr/bin/cmake /home/ntu-user/ros2_ws/src/ntu_robotsim_nav2/ntu_robotsim -DCMAKE_INSTALL_PREFIX=/home/ntu-user/ros2_ws/install/ntu_robotsim
[0.625s] DEBUG:colcon.colcon_core.event_handler.log_command:Invoking command in '/home/ntu-user/ros2_ws/build/ntu_robotsim': CMAKE_PREFIX_PATH=${CMAKE_PREFIX_PATH}:/opt/ros/humble /usr/bin/cmake --build /home/ntu-user/ros2_ws/build/ntu_robotsim -- -j10 -l10
[0.637s] DEBUG:colcon.colcon_core.event_handler.log_command:Invoked command in '/home/ntu-user/ros2_ws/build/ntu_robotsim' returned '0': CMAKE_PREFIX_PATH=${CMAKE_PREFIX_PATH}:/opt/ros/humble /usr/bin/cmake --build /home/ntu-user/ros2_ws/build/ntu_robotsim -- -j10 -l10
[0.648s] DEBUG:colcon.colcon_core.event_handler.log_command:Invoking command in '/home/ntu-user/ros2_ws/build/ntu_robotsim': CMAKE_PREFIX_PATH=${CMAKE_PREFIX_PATH}:/opt/ros/humble /usr/bin/cmake --install /home/ntu-user/ros2_ws/build/ntu_robotsim
[0.657s] Level 1:colcon.colcon_core.environment:create_environment_scripts_only(ntu_robotsim)
[0.657s] DEBUG:colcon.colcon_core.event_handler.log_command:Invoked command in '/home/ntu-user/ros2_ws/build/ntu_robotsim' returned '0': CMAKE_PREFIX_PATH=${CMAKE_PREFIX_PATH}:/opt/ros/humble /usr/bin/cmake --install /home/ntu-user/ros2_ws/build/ntu_robotsim
[0.662s] Level 1:colcon.colcon_core.environment:checking '/home/ntu-user/ros2_ws/install/ntu_robotsim' for CMake module files
[0.662s] Level 1:colcon.colcon_core.environment:checking '/home/ntu-user/ros2_ws/install/ntu_robotsim' for CMake config files
[0.662s] Level 1:colcon.colcon_core.shell:create_environment_hook('ntu_robotsim', 'cmake_prefix_path')
[0.665s] INFO:colcon.colcon_core.shell:Creating environment hook '/home/ntu-user/ros2_ws/install/ntu_robotsim/share/ntu_robotsim/hook/cmake_prefix_path.ps1'
[0.666s] INFO:colcon.colcon_core.shell:Creating environment descriptor '/home/ntu-user/ros2_ws/install/ntu_robotsim/share/ntu_robotsim/hook/cmake_prefix_path.dsv'
[0.666s] INFO:colcon.colcon_core.shell:Creating environment hook '/home/ntu-user/ros2_ws/install/ntu_robotsim/share/ntu_robotsim/hook/cmake_prefix_path.sh'
[0.666s] Level 1:colcon.colcon_core.environment:checking '/home/ntu-user/ros2_ws/install/ntu_robotsim/bin'
[0.666s] Level 1:colcon.colcon_core.environment:checking '/home/ntu-user/ros2_ws/install/ntu_robotsim/lib/pkgconfig/ntu_robotsim.pc'
[0.667s] Level 1:colcon.colcon_core.environment:checking '/home/ntu-user/ros2_ws/install/ntu_robotsim/lib/python3.10/site-packages'
[0.667s] Level 1:colcon.colcon_core.environment:checking '/home/ntu-user/ros2_ws/install/ntu_robotsim/bin'
[0.670s] INFO:colcon.colcon_core.shell:Creating package script '/home/ntu-user/ros2_ws/install/ntu_robotsim/share/ntu_robotsim/package.ps1'
[0.671s] INFO:colcon.colcon_core.shell:Creating package descriptor '/home/ntu-user/ros2_ws/install/ntu_robotsim/share/ntu_robotsim/package.dsv'
[0.671s] INFO:colcon.colcon_core.shell:Creating package script '/home/ntu-user/ros2_ws/install/ntu_robotsim/share/ntu_robotsim/package.sh'
[0.671s] INFO:colcon.colcon_core.shell:Creating package script '/home/ntu-user/ros2_ws/install/ntu_robotsim/share/ntu_robotsim/package.bash'
[0.671s] INFO:colcon.colcon_core.shell:Creating package script '/home/ntu-user/ros2_ws/install/ntu_robotsim/share/ntu_robotsim/package.zsh'
[0.672s] Level 1:colcon.colcon_core.environment:create_file_with_runtime_dependencies(/home/ntu-user/ros2_ws/install/ntu_robotsim/share/colcon-core/packages/ntu_robotsim)
[0.682s] Level 1:colcon.colcon_core.environment:create_environment_scripts_only(ntu_robotsim)
[0.686s] Level 1:colcon.colcon_core.environment:checking '/home/ntu-user/ros2_ws/install/ntu_robotsim' for CMake module files
[0.686s] Level 1:colcon.colcon_core.environment:checking '/home/ntu-user/ros2_ws/install/ntu_robotsim' for CMake config files
[0.686s] Level 1:colcon.colcon_core.shell:create_environment_hook('ntu_robotsim', 'cmake_prefix_path')
[0.689s] INFO:colcon.colcon_core.shell:Creating environment hook '/home/ntu-user/ros2_ws/install/ntu_robotsim/share/ntu_robotsim/hook/cmake_prefix_path.ps1'
[0.689s] INFO:colcon.colcon_core.shell:Creating environment descriptor '/home/ntu-user/ros2_ws/install/ntu_robotsim/share/ntu_robotsim/hook/cmake_prefix_path.dsv'
[0.689s] INFO:colcon.colcon_core.shell:Creating environment hook '/home/ntu-user/ros2_ws/install/ntu_robotsim/share/ntu_robotsim/hook/cmake_prefix_path.sh'
[0.690s] Level 1:colcon.colcon_core.environment:checking '/home/ntu-user/ros2_ws/install/ntu_robotsim/bin'
[0.690s] Level 1:colcon.colcon_core.environment:checking '/home/ntu-user/ros2_ws/install/ntu_robotsim/lib/pkgconfig/ntu_robotsim.pc'
[0.690s] Level 1:colcon.colcon_core.environment:checking '/home/ntu-user/ros2_ws/install/ntu_robotsim/lib/python3.10/site-packages'
[0.690s] Level 1:colcon.colcon_core.environment:checking '/home/ntu-user/ros2_ws/install/ntu_robotsim/bin'
[0.693s] INFO:colcon.colcon_core.shell:Creating package script '/home/ntu-user/ros2_ws/install/ntu_robotsim/share/ntu_robotsim/package.ps1'
[0.693s] INFO:colcon.colcon_core.shell:Creating package descriptor '/home/ntu-user/ros2_ws/install/ntu_robotsim/share/ntu_robotsim/package.dsv'
[0.693s] INFO:colcon.colcon_core.shell:Creating package script '/home/ntu-user/ros2_ws/install/ntu_robotsim/share/ntu_robotsim/package.sh'
[0.694s] INFO:colcon.colcon_core.shell:Creating package script '/home/ntu-user/ros2_ws/install/ntu_robotsim/share/ntu_robotsim/package.bash'
[0.694s] INFO:colcon.colcon_core.shell:Creating package script '/home/ntu-user/ros2_ws/install/ntu_robotsim/share/ntu_robotsim/package.zsh'
[0.694s] Level 1:colcon.colcon_core.environment:create_file_with_runtime_dependencies(/home/ntu-user/ros2_ws/install/ntu_robotsim/share/colcon-core/packages/ntu_robotsim)
[0.694s] DEBUG:colcon.colcon_parallel_executor.executor.parallel:closing loop
[0.694s] DEBUG:colcon.colcon_parallel_executor.executor.parallel:loop closed
[0.694s] DEBUG:colcon.colcon_parallel_executor.executor.parallel:run_until_complete finished with '0'
[0.694s] DEBUG:colcon.colcon_core.event_reactor:joining thread
[0.700s] INFO:colcon.colcon_core.plugin_system:Skipping extension 'colcon_notification.desktop_notification.notify_send': Could not find 'notify-send'
[0.700s] INFO:colcon.colcon_core.plugin_system:Skipping extension 'colcon_notification.desktop_notification.terminal_notifier': Not used on non-Darwin systems
[0.700s] INFO:colcon.colcon_core.plugin_system:Skipping extension 'colcon_notification.desktop_notification.win32': Not used on non-Windows systems
[0.700s] INFO:colcon.colcon_notification.desktop_notification:Sending desktop notification using 'notify2'
[0.704s] DEBUG:colcon.colcon_core.event_reactor:joined thread
[0.708s] INFO:colcon.colcon_core.shell:Creating prefix script '/home/ntu-user/ros2_ws/install/local_setup.ps1'
[0.709s] INFO:colcon.colcon_core.shell:Creating prefix util module '/home/ntu-user/ros2_ws/install/_local_setup_util_ps1.py'
[0.709s] INFO:colcon.colcon_core.shell:Creating prefix chain script '/home/ntu-user/ros2_ws/install/setup.ps1'
[0.713s] INFO:colcon.colcon_core.shell:Creating prefix script '/home/ntu-user/ros2_ws/install/local_setup.sh'
[0.713s] INFO:colcon.colcon_core.shell:Creating prefix util module '/home/ntu-user/ros2_ws/install/_local_setup_util_sh.py'
[0.713s] INFO:colcon.colcon_core.shell:Creating prefix chain script '/home/ntu-user/ros2_ws/install/setup.sh'
[0.717s] INFO:colcon.colcon_core.shell:Creating prefix script '/home/ntu-user/ros2_ws/install/local_setup.bash'
[0.717s] INFO:colcon.colcon_core.shell:Creating prefix chain script '/home/ntu-user/ros2_ws/install/setup.bash'
[0.720s] INFO:colcon.colcon_core.shell:Creating prefix script '/home/ntu-user/ros2_ws/install/local_setup.zsh'
[0.721s] INFO:colcon.colcon_core.shell:Creating prefix chain script '/home/ntu-user/ros2_ws/install/setup.zsh'
